<html>
<body>
<pre>
<h1>礦ision Build Log</h1>
<h2>Project:</h2>
D:\M0文件\红外原始码记录\SDK\IR_RAW.uvproj
Project File Date:  01/16/2014

<h2>Output:</h2>
Build target 'IR_RAW'
compiling main.c...
..\MAIN\main.c(26): error:  #20: identifier "SI4432Ctrl_Frame" is undefined
..\MAIN\main.c(49): error:  #20: identifier "SI4432Ctrl_Frame" is undefined
..\MAIN\main.c(70): error:  #20: identifier "SWITCH_86" is undefined
..\MAIN\main.c(72): error:  #20: identifier "CHAN_ALL" is undefined
..\MAIN\main.c(74): error:  #20: identifier "LIGHTCTRL_LEARN_REQ" is undefined
..\MAIN\main.c(76): warning:  #223-D: function "SendCmd2SI4432" declared implicitly
..\MAIN\main.c(80): error:  #20: identifier "TX_SUCCESS" is undefined
..\MAIN\main.c(83): warning:  #223-D: function "save_rec_data" declared implicitly
..\MAIN\main.c(88): warning:  #223-D: function "RecvCmdFromSI4432" declared implicitly
..\MAIN\main.c(134): error:  #20: identifier "TX_FAIL" is undefined
..\MAIN\main.c(135): error:  #20: identifier "TX_RSSI_CHANNLE_OCCUPANCY" is undefined
..\MAIN\main.c(136): error:  #20: identifier "TX_TIMEOUT" is undefined
..\MAIN\main.c(150): warning:  #177-D: variable "bInChar" was declared but never referenced
..\MAIN\main.c(177): warning:  #223-D: function "initFMC" declared implicitly
..\MAIN\main.c(184): warning:  #223-D: function "INPUT" declared implicitly
..\MAIN\main.c(188): error:  #20: identifier "INFRAREDTV_CTRL" is undefined
..\MAIN\main.c(214): warning:  #223-D: function "SendCmd2SI4432" declared implicitly
..\MAIN\main.c(169): warning:  #177-D: variable "leg" was declared but never referenced
..\MAIN\main.c(169): warning:  #177-D: variable "rx" was declared but never referenced
compiling DrvADC.c...
compiling DrvFMC.c...
compiling DrvGPIO.c...
compiling DrvI2C.c...
compiling DrvPWM.c...
compiling DrvEBI.c...
compiling DrvSPI.c...
compiling DrvSYS.c...
compiling DrvTIMER.c...
compiling DrvUART.c...
compiling retarget.c...
compiling core_cm0.c...
compiling system_M051Series.c...
assembling startup_M051Series.s...
compiling GPIO.c...
compiling ir.c...
..\红外\ir.c(16): error:  #5: cannot open source input file "SI4432.H": No such file or directory
Target not created
Build target 'IR_RAW'
compiling main.c...
..\MAIN\main.c(64): error:  #20: identifier "ir_number" is undefined
..\MAIN\main.c(72): error:  #20: identifier "tx_timeout_en" is undefined
..\MAIN\main.c(75): error:  #20: identifier "tx_timeout" is undefined
..\MAIN\main.c(79): error:  #20: identifier "ID_TIME_OUT_EN" is undefined
..\MAIN\main.c(81): error:  #20: identifier "ID_TIME_OUT" is undefined
compiling ir.c...
..\红外\ir.c(16): error:  #5: cannot open source input file "SI4432.H": No such file or directory
Target not created
Build target 'IR_RAW'
compiling main.c...
compiling ir.c...
..\红外\ir.c(16): error:  #5: cannot open source input file "SI4432.H": No such file or directory
Target not created
Build target 'IR_RAW'
compiling main.c...
compiling ir.c...
..\红外\ir.c(49): error:  #20: identifier "ir_write_en" is undefined
..\红外\ir.c(50): error:  #20: identifier "ir_flage" is undefined
..\红外\ir.c(57): error:  #20: identifier "ir_bit_number" is undefined
..\红外\ir.c(64): error:  #20: identifier "ir_tab" is undefined
..\红外\ir.c(64): error:  #20: identifier "ir_bit_number" is undefined
..\红外\ir.c(72): error:  #20: identifier "ir_reciv_end" is undefined
Target not created
Build target 'IR_RAW'
compiling ir.c...
linking...
.\obj\IR_RAW.axf: Error: L6200E: Symbol ir_number multiply defined (by ir.o and main.o).
Target not created
Build target 'IR_RAW'
compiling main.c...
linking...
Program Size: Code=9276 RO-data=256 RW-data=180 ZI-data=1316  
FromELF: creating hex file...
".\obj\IR_RAW.axf" - 0 Error(s), 0 Warning(s).
Build target 'IR_RAW'
compiling main.c...
compiling DrvADC.c...
compiling DrvFMC.c...
compiling DrvGPIO.c...
compiling DrvI2C.c...
compiling DrvPWM.c...
compiling DrvEBI.c...
compiling DrvSPI.c...
compiling DrvSYS.c...
compiling DrvTIMER.c...
compiling DrvUART.c...
compiling retarget.c...
compiling core_cm0.c...
compiling system_M051Series.c...
assembling startup_M051Series.s...
compiling GPIO.c...
compiling ir.c...
linking...
Program Size: Code=8804 RO-data=256 RW-data=180 ZI-data=1220  
FromELF: creating hex file...
".\obj\IR_RAW.axf" - 0 Error(s), 0 Warning(s).
 
*** Rebuilding with Cross-Module Feedback:
Rebuild target 'IR_RAW'
compiling main.c...
compiling DrvADC.c...
compiling DrvFMC.c...
compiling DrvGPIO.c...
compiling DrvI2C.c...
compiling DrvPWM.c...
compiling DrvEBI.c...
compiling DrvSPI.c...
compiling DrvSYS.c...
compiling DrvTIMER.c...
compiling DrvUART.c...
compiling retarget.c...
compiling core_cm0.c...
compiling system_M051Series.c...
assembling startup_M051Series.s...
compiling GPIO.c...
compiling ir.c...
linking...
Program Size: Code=8804 RO-data=256 RW-data=180 ZI-data=1220  
FromELF: creating hex file...
".\obj\IR_RAW.axf" - 0 Error(s), 0 Warning(s).
Build target 'IR_RAW'
compiling main.c...
compiling DrvADC.c...
compiling DrvFMC.c...
compiling DrvGPIO.c...
compiling DrvI2C.c...
compiling DrvPWM.c...
compiling DrvEBI.c...
compiling DrvSPI.c...
compiling DrvSYS.c...
compiling DrvTIMER.c...
compiling DrvUART.c...
compiling retarget.c...
compiling core_cm0.c...
compiling system_M051Series.c...
compiling GPIO.c...
compiling ir.c...
linking...
Program Size: Code=8804 RO-data=256 RW-data=180 ZI-data=1220  
FromELF: creating hex file...
".\obj\IR_RAW.axf" - 0 Error(s), 0 Warning(s).
Build target 'IR_RAW'
compiling main.c...
compiling ir.c...
linking...
Program Size: Code=8804 RO-data=256 RW-data=180 ZI-data=1220  
FromELF: creating hex file...
".\obj\IR_RAW.axf" - 0 Error(s), 0 Warning(s).
Rebuild target 'IR_RAW'
compiling main.c...
compiling DrvADC.c...
compiling DrvFMC.c...
compiling DrvGPIO.c...
compiling DrvI2C.c...
compiling DrvPWM.c...
compiling DrvEBI.c...
compiling DrvSPI.c...
compiling DrvSYS.c...
compiling DrvTIMER.c...
compiling DrvUART.c...
compiling retarget.c...
compiling core_cm0.c...
compiling system_M051Series.c...
assembling startup_M051Series.s...
compiling GPIO.c...
compiling ir.c...
linking...
.\obj\IR_RAW.axf: Error: L6218E: Undefined symbol init_IR_INTTRUPUT (referred from main.o).
Target not created
Build target 'IR_RAW'
compiling main.c...
compiling ir.c...
linking...
Program Size: Code=8804 RO-data=256 RW-data=180 ZI-data=1220  
FromELF: creating hex file...
".\obj\IR_RAW.axf" - 0 Error(s), 0 Warning(s).
Build target 'IR_RAW'
compiling main.c...
compiling GPIO.c...
linking...
Program Size: Code=8608 RO-data=256 RW-data=180 ZI-data=1220  
FromELF: creating hex file...
".\obj\IR_RAW.axf" - 0 Error(s), 0 Warning(s).
Build target 'IR_RAW'
compiling main.c...
linking...
Program Size: Code=9180 RO-data=256 RW-data=180 ZI-data=1220  
FromELF: creating hex file...
".\obj\IR_RAW.axf" - 0 Error(s), 0 Warning(s).
"" 
--- Error: failed to execute '"" '
Load "D:\\M0文件\\红外原始码记录\\SDK\\obj\\IR_RAW.AXF" 
Build target 'IR_RAW'
compiling ir.c...
..\红外\ir.c(20): warning:  #177-D: variable "flage" was declared but never referenced
..\红外\ir.c(21): warning:  #550-D: variable "ir_raw" was set but never used
linking...
Program Size: Code=9232 RO-data=256 RW-data=184 ZI-data=1736  
FromELF: creating hex file...
".\obj\IR_RAW.axf" - 0 Error(s), 2 Warning(s).
Load "D:\\M0文件\\红外原始码记录\\SDK\\obj\\IR_RAW.AXF" 
Build target 'IR_RAW'
compiling ir.c...
..\红外\ir.c(20): warning:  #177-D: variable "flage" was declared but never referenced
..\红外\ir.c(11): warning:  #550-D: variable "ir_raw" was set but never used
linking...
Program Size: Code=9232 RO-data=256 RW-data=184 ZI-data=1736  
FromELF: creating hex file...
".\obj\IR_RAW.axf" - 0 Error(s), 2 Warning(s).
Load "D:\\M0文件\\红外原始码记录\\SDK\\obj\\IR_RAW.AXF" 
Build target 'IR_RAW'
compiling ir.c...
..\红外\ir.c(20): warning:  #177-D: variable "flage" was declared but never referenced
linking...
Program Size: Code=9232 RO-data=256 RW-data=184 ZI-data=1736  
FromELF: creating hex file...
".\obj\IR_RAW.axf" - 0 Error(s), 1 Warning(s).
Build target 'IR_RAW'
linking...
Program Size: Code=9232 RO-data=256 RW-data=184 ZI-data=1736  
FromELF: creating hex file...
".\obj\IR_RAW.axf" - 0 Error(s), 0 Warning(s).
Load "D:\\M0文件\\红外原始码记录\\SDK\\obj\\IR_RAW.AXF" 
Load "D:\\M0文件\\红外原始码记录\\SDK\\obj\\IR_RAW.AXF" 
Load "D:\\M0文件\\红外原始码记录\\SDK\\obj\\IR_RAW.AXF" 
Build target 'IR_RAW'
compiling main.c...
linking...
Program Size: Code=9244 RO-data=256 RW-data=184 ZI-data=1736  
FromELF: creating hex file...
".\obj\IR_RAW.axf" - 0 Error(s), 0 Warning(s).
Load "D:\\M0文件\\红外原始码记录\\SDK\\obj\\IR_RAW.AXF" 
Build target 'IR_RAW'
compiling main.c...
linking...
Program Size: Code=9240 RO-data=256 RW-data=184 ZI-data=1736  
FromELF: creating hex file...
".\obj\IR_RAW.axf" - 0 Error(s), 0 Warning(s).
Load "D:\\M0文件\\红外原始码记录\\SDK\\obj\\IR_RAW.AXF" 
Build target 'IR_RAW'
compiling main.c...
linking...
Program Size: Code=8672 RO-data=256 RW-data=184 ZI-data=1736  
FromELF: creating hex file...
".\obj\IR_RAW.axf" - 0 Error(s), 0 Warning(s).
Load "D:\\M0文件\\红外原始码记录\\SDK\\obj\\IR_RAW.AXF" 
Build target 'IR_RAW'
compiling ir.c...
..\红外\ir.c(20): warning:  #177-D: variable "flage" was declared but never referenced
linking...
Program Size: Code=8672 RO-data=256 RW-data=184 ZI-data=1736  
FromELF: creating hex file...
".\obj\IR_RAW.axf" - 0 Error(s), 1 Warning(s).
Build target 'IR_RAW'
compiling ir.c...
..\红外\ir.c(20): warning:  #177-D: variable "flage" was declared but never referenced
linking...
Program Size: Code=8680 RO-data=256 RW-data=184 ZI-data=1736  
FromELF: creating hex file...
".\obj\IR_RAW.axf" - 0 Error(s), 1 Warning(s).
Load "D:\\M0文件\\红外原始码记录\\SDK\\obj\\IR_RAW.AXF" 
Build target 'IR_RAW'
compiling main.c...
linking...
Program Size: Code=8680 RO-data=256 RW-data=184 ZI-data=1736  
FromELF: creating hex file...
".\obj\IR_RAW.axf" - 0 Error(s), 0 Warning(s).
Load "D:\\M0文件\\红外原始码记录\\SDK\\obj\\IR_RAW.AXF" 
Build target 'IR_RAW'
compiling ir.c...
..\红外\ir.c(20): warning:  #177-D: variable "flage" was declared but never referenced
linking...
Program Size: Code=8676 RO-data=256 RW-data=184 ZI-data=1736  
FromELF: creating hex file...
".\obj\IR_RAW.axf" - 0 Error(s), 1 Warning(s).
Load "D:\\M0文件\\红外原始码记录\\SDK\\obj\\IR_RAW.AXF" 
Build target 'IR_RAW'
compiling main.c...
..\MAIN\main.c(27): error:  #29: expected an expression
compiling GPIO.c...
..\GPIO\GPIO.c(20): warning:  #188-D: enumerated type mixed with another type
Target not created
Build target 'IR_RAW'
compiling main.c...
..\MAIN\main.c(27): error:  #29: expected an expression
compiling GPIO.c...
Target not created
compiling GPIO.c...
..\GPIO\GPIO.c - 0 Error(s), 0 Warning(s).
compiling main.c...
..\MAIN\main.c(27): error:  #29: expected an expression
..\MAIN\main.c - 1 Error(s), 0 Warning(s).
compiling main.c...
..\MAIN\main.c - 0 Error(s), 0 Warning(s).
Build target 'IR_RAW'
linking...
Program Size: Code=6184 RO-data=240 RW-data=184 ZI-data=1736  
FromELF: creating hex file...
".\obj\IR_RAW.axf" - 0 Error(s), 0 Warning(s).
Load "D:\\M0文件\\红外原始码记录\\SDK\\obj\\IR_RAW.AXF" 
Build target 'IR_RAW'
compiling main.c...
..\MAIN\main.c(23): error:  #40: expected an identifier
compiling ir.c...
..\红外\ir.c(20): warning:  #177-D: variable "flage" was declared but never referenced
Target not created
compiling main.c...
..\MAIN\main.c - 0 Error(s), 0 Warning(s).
Build target 'IR_RAW'
linking...
Program Size: Code=6256 RO-data=240 RW-data=184 ZI-data=1736  
FromELF: creating hex file...
".\obj\IR_RAW.axf" - 0 Error(s), 0 Warning(s).
Build target 'IR_RAW'
compiling main.c...
linking...
Program Size: Code=6256 RO-data=240 RW-data=184 ZI-data=1736  
FromELF: creating hex file...
".\obj\IR_RAW.axf" - 0 Error(s), 0 Warning(s).
Build target 'IR_RAW'
linking...
Program Size: Code=6256 RO-data=240 RW-data=184 ZI-data=1736  
FromELF: creating hex file...
".\obj\IR_RAW.axf" - 0 Error(s), 0 Warning(s).
Load "D:\\M0文件\\红外原始码记录\\SDK\\obj\\IR_RAW.AXF" 
Build target 'IR_RAW'
compiling ir.c...
..\红外\ir.c(20): warning:  #177-D: variable "flage" was declared but never referenced
linking...
Program Size: Code=6256 RO-data=240 RW-data=184 ZI-data=1736  
FromELF: creating hex file...
".\obj\IR_RAW.axf" - 0 Error(s), 1 Warning(s).
Load "D:\\M0文件\\红外原始码记录\\SDK\\obj\\IR_RAW.AXF" 
Build target 'IR_RAW'
compiling main.c...
compiling GPIO.c...
linking...
Program Size: Code=3476 RO-data=240 RW-data=184 ZI-data=1736  
FromELF: creating hex file...
".\obj\IR_RAW.axf" - 0 Error(s), 0 Warning(s).
Build target 'IR_RAW'
compiling main.c...
linking...
Program Size: Code=3160 RO-data=240 RW-data=184 ZI-data=1736  
FromELF: creating hex file...
".\obj\IR_RAW.axf" - 0 Error(s), 0 Warning(s).
Load "D:\\M0文件\\红外原始码记录\\SDK\\obj\\IR_RAW.AXF" 
Build target 'IR_RAW'
linking...
Program Size: Code=3160 RO-data=240 RW-data=184 ZI-data=1736  
FromELF: creating hex file...
".\obj\IR_RAW.axf" - 0 Error(s), 0 Warning(s).
Load "D:\\M0文件\\红外原始码记录\\SDK\\obj\\IR_RAW.AXF" 
Build target 'IR_RAW'
compiling main.c...
compiling GPIO.c...
linking...
Program Size: Code=3160 RO-data=240 RW-data=184 ZI-data=1736  
FromELF: creating hex file...
".\obj\IR_RAW.axf" - 0 Error(s), 0 Warning(s).
Load "D:\\M0文件\\红外原始码记录\\SDK\\obj\\IR_RAW.AXF" 
Build target 'IR_RAW'
compiling main.c...
..\MAIN\main.c(23): warning:  #177-D: variable "fn" was declared but never referenced
..\MAIN\main.c(23): warning:  #177-D: variable "fo" was declared but never referenced
..\MAIN\main.c(23): warning:  #177-D: variable "i" was declared but never referenced
..\MAIN\main.c(23): warning:  #177-D: variable "f" was declared but never referenced
compiling GPIO.c...
linking...
Program Size: Code=6196 RO-data=256 RW-data=184 ZI-data=1736  
FromELF: creating hex file...
".\obj\IR_RAW.axf" - 0 Error(s), 4 Warning(s).
