ARM Linker, RVCT4.0 [Build 728] [Standard]

==============================================================================

Section Cross References

    main.o(i.initTMR0) refers to drvsys.o(i.DrvSYS_SetIPClock) for DrvSYS_SetIPClock
    main.o(i.initTMR0) refers to drvsys.o(i.DrvSYS_SelectIPClockSource) for DrvSYS_SelectIPClockSource
    main.o(i.initTMR0) refers to drvtimer.o(i.DrvTIMER_Init) for DrvTIMER_Init
    main.o(i.initTMR0) refers to drvtimer.o(i.DrvTIMER_Open) for DrvTIMER_Open
    main.o(i.initTMR0) refers to drvtimer.o(i.DrvTIMER_EnableInt) for DrvTIMER_EnableInt
    main.o(i.initTMR0) refers to drvtimer.o(i.DrvTIMER_Start) for DrvTIMER_Start
    main.o(i.initsys) refers to drvsys.o(i.DrvSYS_UnlockProtectedReg) for DrvSYS_UnlockProtectedReg
    main.o(i.initsys) refers to drvsys.o(i.DrvSYS_SetOscCtrl) for DrvSYS_SetOscCtrl
    main.o(i.initsys) refers to drvsys.o(i.DrvSYS_SelectHCLKSource) for DrvSYS_SelectHCLKSource
    main.o(i.initsys) refers to drvsys.o(i.DrvSYS_SetClockDivider) for DrvSYS_SetClockDivider
    main.o(i.initsys) refers to drvsys.o(i.DrvSYS_GetHCLKFreq) for DrvSYS_GetHCLKFreq
    main.o(i.initsys) refers to drvsys.o(i.DrvSYS_SelectSysTickSource) for DrvSYS_SelectSysTickSource
    main.o(i.initsys) refers to drvsys.o(i.DrvSYS_LockProtectedReg) for DrvSYS_LockProtectedReg
    main.o(i.main) refers to main.o(i.initsys) for initsys
    main.o(i.main) refers to gpio.o(i.initGPIO) for initGPIO
    main.o(i.main) refers to ir.o(i.init_PWM) for init_PWM
    main.o(i.main) refers to fmc.o(i.initFMC) for initFMC
    main.o(i.main) refers to fmc.o(i.Read_UID_M0) for Read_UID_M0
    main.o(i.main) refers to si4432.o(i.initsi4432) for initsi4432
    main.o(i.main) refers to si4432.o(i.rx_data) for rx_data
    main.o(i.main) refers to flash_memory.o(i.init_flash_pool) for init_flash_pool
    main.o(i.main) refers to main.o(i.initTMR0) for initTMR0
    main.o(i.main) refers to ir.o(i.init_IR_INTTRUPUT) for init_IR_INTTRUPUT
    main.o(i.main) refers to si4432.o(i.tx_data) for tx_data
    main.o(i.main) refers to si4432.o(i.Check_si4432) for Check_si4432
    main.o(i.main) refers to si4432.o(i.save_rec_data) for save_rec_data
    main.o(i.main) refers to drvtimer.o(i.DrvTIMER_Close) for DrvTIMER_Close
    main.o(i.main) refers to si4432_proto.o(i.RecvCmdFromSI4432) for RecvCmdFromSI4432
    main.o(i.main) refers to drvgpio.o(i.DrvGPIO_GetBit) for DrvGPIO_GetBit
    main.o(i.main) refers to drvgpio.o(i.DrvGPIO_ClrBit) for DrvGPIO_ClrBit
    main.o(i.main) refers to ir.o(i.Send_IrCodeFlash) for Send_IrCodeFlash
    main.o(i.main) refers to drvgpio.o(i.DrvGPIO_SetBit) for DrvGPIO_SetBit
    main.o(i.main) refers to ir.o(i.Triget_Learn_state) for Triget_Learn_state
    main.o(i.main) refers to ir.o(i.Check_Learn_Finsh) for Check_Learn_Finsh
    main.o(i.main) refers to ir.o(i.SaveIrCode2Flash) for SaveIrCode2Flash
    main.o(i.main) refers to drvtimer.o(i.DrvTIMER_Delay) for DrvTIMER_Delay
    main.o(i.main) refers to ir.o(i.Reset_Finsh) for Reset_Finsh
    main.o(i.main) refers to main.o(.data) for UID
    main.o(i.main) refers to main.o(.bss) for RX_BUF
    main.o(i.main) refers to ir.o(.bss) for ir_raw
    main.o(i.main) refers to ir.o(.data) for Learn_Finsh
    drvadc.o(i.ADC_IRQHandler) refers to drvadc.o(.data) for .data
    drvadc.o(i.ADC_IRQHandler) refers to drvadc.o(.bss) for .bss
    drvadc.o(i.DrvADC_EnableADCCmp0Int) refers to drvadc.o(i.NVIC_SetPriority) for NVIC_SetPriority
    drvadc.o(i.DrvADC_EnableADCCmp0Int) refers to drvadc.o(i.NVIC_EnableIRQ) for NVIC_EnableIRQ
    drvadc.o(i.DrvADC_EnableADCCmp0Int) refers to drvadc.o(.data) for .data
    drvadc.o(i.DrvADC_EnableADCCmp0Int) refers to drvadc.o(.bss) for .bss
    drvadc.o(i.DrvADC_EnableADCCmp1Int) refers to drvadc.o(i.NVIC_SetPriority) for NVIC_SetPriority
    drvadc.o(i.DrvADC_EnableADCCmp1Int) refers to drvadc.o(i.NVIC_EnableIRQ) for NVIC_EnableIRQ
    drvadc.o(i.DrvADC_EnableADCCmp1Int) refers to drvadc.o(.data) for .data
    drvadc.o(i.DrvADC_EnableADCCmp1Int) refers to drvadc.o(.bss) for .bss
    drvadc.o(i.DrvADC_EnableADCInt) refers to drvadc.o(i.NVIC_SetPriority) for NVIC_SetPriority
    drvadc.o(i.DrvADC_EnableADCInt) refers to drvadc.o(i.NVIC_EnableIRQ) for NVIC_EnableIRQ
    drvadc.o(i.DrvADC_EnableADCInt) refers to drvadc.o(.data) for .data
    drvadc.o(i.DrvADC_EnableADCInt) refers to drvadc.o(.bss) for .bss
    drvadc.o(i.DrvADC_GetConversionRate) refers to uidiv.o(.text) for __aeabi_uidivmod
    drvadc.o(i.DrvADC_GetConversionRate) refers to drvsys.o(i.DrvSYS_GetPLLClockFreq) for DrvSYS_GetPLLClockFreq
    drvfmc.o(i.DrvFMC_WriteConfig) refers to drvfmc.o(i.DrvFMC_Erase) for DrvFMC_Erase
    drvfmc.o(i.DrvFMC_WriteConfig) refers to drvfmc.o(i.DrvFMC_Write) for DrvFMC_Write
    drvgpio.o(i.DrvGPIO_ClrPortMask) refers to drvgpio.o(i.DrvGPIO_GetPortMask) for DrvGPIO_GetPortMask
    drvgpio.o(i.DrvGPIO_DisableEINT) refers to drvgpio.o(i.NVIC_DisableIRQ) for NVIC_DisableIRQ
[...]
    drvspi.o(i.DrvSPI_Open) refers to drvspi.o(.bss) for .bss
    drvspi.o(i.DrvSPI_Open) refers to drvspi.o(.data) for .data
    drvspi.o(i.DrvSPI_SetBitLength) refers to drvspi.o(.data) for .data
    drvspi.o(i.DrvSPI_SetByteReorder) refers to drvspi.o(.data) for .data
    drvspi.o(i.DrvSPI_SetClockFreq) refers to drvsys.o(i.DrvSYS_GetHCLKFreq) for DrvSYS_GetHCLKFreq
    drvspi.o(i.DrvSPI_SetClockFreq) refers to uidiv.o(.text) for __aeabi_uidivmod
    drvspi.o(i.DrvSPI_SetClockFreq) refers to drvspi.o(.data) for .data
    drvspi.o(i.DrvSPI_SetEndian) refers to drvspi.o(.data) for .data
    drvspi.o(i.DrvSPI_SetGo) refers to drvspi.o(.data) for .data
    drvspi.o(i.DrvSPI_SetSS) refers to drvspi.o(.data) for .data
    drvspi.o(i.DrvSPI_SetSlaveSelectActiveLevel) refers to drvspi.o(.data) for .data
    drvspi.o(i.DrvSPI_SetSuspendCycle) refers to drvspi.o(.data) for .data
    drvspi.o(i.DrvSPI_SetTriggerMode) refers to drvspi.o(.data) for .data
    drvspi.o(i.DrvSPI_SetTxRegister) refers to drvspi.o(.data) for .data
    drvspi.o(i.DrvSPI_SetVariableClockFunction) refers to drvspi.o(.data) for .data
    drvspi.o(i.DrvSPI_SingleRead) refers to drvspi.o(.data) for .data
    drvspi.o(i.DrvSPI_SingleWrite) refers to drvspi.o(.data) for .data
    drvspi.o(i.SPI0_IRQHandler) refers to drvspi.o(.bss) for .bss
    drvspi.o(i.SPI1_IRQHandler) refers to drvspi.o(.bss) for .bss
    drvsys.o(i.BOD_IRQHandler) refers to drvsys.o(.data) for .data
    drvsys.o(i.DrvSYS_Delay) refers to system_m051series.o(.data) for CyclesPerUs
    drvsys.o(i.DrvSYS_GetHCLKFreq) refers to drvsys.o(i.DrvSYS_GetPLLClockFreq) for DrvSYS_GetPLLClockFreq
    drvsys.o(i.DrvSYS_GetHCLKFreq) refers to uidiv.o(.text) for __aeabi_uidivmod
    drvsys.o(i.DrvSYS_GetPLLClockFreq) refers to uidiv.o(.text) for __aeabi_uidivmod
    drvsys.o(i.DrvSYS_GetPLLClockFreq) refers to drvsys.o(.constdata) for .constdata
    drvsys.o(i.DrvSYS_GetPLLContent) refers to uidiv.o(.text) for __aeabi_uidivmod
    drvsys.o(i.DrvSYS_Open) refers to drvsys.o(i.DrvSYS_IsProtectedRegLocked) for DrvSYS_IsProtectedRegLocked
    drvsys.o(i.DrvSYS_Open) refers to drvsys.o(i.DrvSYS_GetPLLContent) for DrvSYS_GetPLLContent
    drvsys.o(i.DrvSYS_Open) refers to drvsys.o(i.DrvSYS_SetPLLContent) for DrvSYS_SetPLLContent
    drvsys.o(i.DrvSYS_Open) refers to drvsys.o(i.DrvSYS_SelectHCLKSource) for DrvSYS_SelectHCLKSource
    drvsys.o(i.DrvSYS_SelectHCLKSource) refers to system_m051series.o(i.SystemCoreClockUpdate) for SystemCoreClockUpdate
    drvsys.o(i.DrvSYS_SelectIPClockSource) refers to drvgpio.o(i.__ARM_common_switch8) for __ARM_common_switch8
    drvsys.o(i.DrvSYS_SetBODFunction) refers to drvsys.o(i.NVIC_DisableIRQ) for NVIC_DisableIRQ
    drvsys.o(i.DrvSYS_SetBODFunction) refers to drvsys.o(i.NVIC_SetPriority) for NVIC_SetPriority
    drvsys.o(i.DrvSYS_SetBODFunction) refers to drvsys.o(i.NVIC_EnableIRQ) for NVIC_EnableIRQ
    drvsys.o(i.DrvSYS_SetBODFunction) refers to drvsys.o(.data) for .data
    drvsys.o(i.DrvSYS_SetFreqDividerOutput) refers to drvsys.o(i.DrvSYS_SetIPClock) for DrvSYS_SetIPClock
    drvsys.o(i.DrvSYS_SetPowerDownWakeUpInt) refers to drvsys.o(i.NVIC_SetPriority) for NVIC_SetPriority
    drvsys.o(i.DrvSYS_SetPowerDownWakeUpInt) refers to drvsys.o(i.NVIC_EnableIRQ) for NVIC_EnableIRQ
    drvsys.o(i.DrvSYS_SetPowerDownWakeUpInt) refers to drvsys.o(i.NVIC_DisableIRQ) for NVIC_DisableIRQ
    drvsys.o(i.DrvSYS_SetPowerDownWakeUpInt) refers to drvsys.o(.data) for .data
    drvsys.o(i.PWRWU_IRQHandler) refers to drvsys.o(.data) for .data
    drvtimer.o(i.CalTimerInitValue) refers to uidiv.o(.text) for __aeabi_uidivmod
    drvtimer.o(i.DrvTIMER_ClearTimerEvent) refers to drvtimer.o(.bss) for .bss
    drvtimer.o(i.DrvTIMER_ClearTimerEvent) refers to drvtimer.o(.data) for .data
    drvtimer.o(i.DrvTIMER_Close) refers to drvtimer.o(i.DrvTIMER_DisableInt) for DrvTIMER_DisableInt
    drvtimer.o(i.DrvTIMER_Close) refers to drvtimer.o(.data) for bIsTimer0Used
    drvtimer.o(i.DrvTIMER_Delay) refers to drvtimer.o(i.DrvTIMER_GetIntTicks) for DrvTIMER_GetIntTicks
    drvtimer.o(i.DrvTIMER_DisableInt) refers to drvtimer.o(i.NVIC_DisableIRQ) for NVIC_DisableIRQ
    drvtimer.o(i.DrvTIMER_DisableInt) refers to drvtimer.o(.constdata) for CH_OFFSET
    drvtimer.o(i.DrvTIMER_EnableInt) refers to drvtimer.o(i.NVIC_SetPriority) for NVIC_SetPriority
    drvtimer.o(i.DrvTIMER_EnableInt) refers to drvtimer.o(i.NVIC_EnableIRQ) for NVIC_EnableIRQ
    drvtimer.o(i.DrvTIMER_EnableInt) refers to drvtimer.o(.constdata) for CH_OFFSET
    drvtimer.o(i.DrvTIMER_GetIntTicks) refers to drvtimer.o(.data) for .data
    drvtimer.o(i.DrvTIMER_Init) refers to drvtimer.o(.data) for bIsTimer0Initial
    drvtimer.o(i.DrvTIMER_Open) refers to drvtimer.o(i.GetTimerClock) for GetTimerClock
    drvtimer.o(i.DrvTIMER_Open) refers to drvtimer.o(i.CalTimerInitValue) for CalTimerInitValue
    drvtimer.o(i.DrvTIMER_Open) refers to drvgpio.o(i.DrvGPIO_InitFunction) for DrvGPIO_InitFunction
    drvtimer.o(i.DrvTIMER_Open) refers to drvtimer.o(.data) for bIsTimer0Initial
    drvtimer.o(i.DrvTIMER_Open) refers to drvtimer.o(.bss) for .bss
    drvtimer.o(i.DrvTIMER_ResetIntTicks) refers to drvtimer.o(.data) for .data
    drvtimer.o(i.DrvTIMER_SetTimerEvent) refers to drvtimer.o(.data) for .data
    drvtimer.o(i.DrvTIMER_SetTimerEvent) refers to drvtimer.o(.bss) for .bss
    drvtimer.o(i.DrvTIMER_Start) refers to drvtimer.o(.constdata) for CH_OFFSET
    drvtimer.o(i.DrvWDT_Close) refers to drvtimer.o(i.DrvWDT_Ioctl) for DrvWDT_Ioctl
    drvtimer.o(i.DrvWDT_Close) refers to drvsys.o(i.DrvSYS_GetHCLKFreq) for DrvSYS_GetHCLKFreq
    drvtimer.o(i.DrvWDT_InstallISR) refers to drvtimer.o(.data) for .data
    drvtimer.o(i.DrvWDT_Ioctl) refers to drvgpio.o(i.__ARM_common_switch8) for __ARM_common_switch8
    drvtimer.o(i.DrvWDT_Ioctl) refers to drvtimer.o(i.NVIC_SetPriority) for NVIC_SetPriority
    drvtimer.o(i.DrvWDT_Ioctl) refers to drvtimer.o(i.NVIC_EnableIRQ) for NVIC_EnableIRQ
    drvtimer.o(i.DrvWDT_Ioctl) refers to drvtimer.o(i.NVIC_DisableIRQ) for NVIC_DisableIRQ
    drvtimer.o(i.DrvWDT_Open) refers to drvtimer.o(i.DrvWDT_Ioctl) for DrvWDT_Ioctl
    drvtimer.o(i.GetTimerClock) refers to drvsys.o(i.DrvSYS_GetExtClockFreq) for DrvSYS_GetExtClockFreq
    drvtimer.o(i.GetTimerClock) refers to drvsys.o(i.DrvSYS_GetHCLKFreq) for DrvSYS_GetHCLKFreq
    drvtimer.o(i.TMR0_IRQHandler) refers to ir.o(.data) for ir_number
    drvtimer.o(i.TMR0_IRQHandler) refers to drvtimer.o(.data) for .data
    drvtimer.o(i.TMR1_IRQHandler) refers to drvtimer.o(.data) for .data
    drvtimer.o(i.TMR2_IRQHandler) refers to drvtimer.o(.data) for .data
    drvtimer.o(i.TMR2_IRQHandler) refers to drvtimer.o(.bss) for .bss
    drvtimer.o(i.TMR3_IRQHandler) refers to drvtimer.o(.data) for .data
    drvtimer.o(i.TMR3_IRQHandler) refers to drvtimer.o(.bss) for .bss
    drvtimer.o(i.WDT_IRQHandler) refers to drvtimer.o(.data) for .data
    drvuart.o(i.BaudRateCalculator) refers to uidiv.o(.text) for __aeabi_uidivmod
    drvuart.o(i.DrvUART_Close) refers to drvuart.o(i.NVIC_DisableIRQ) for NVIC_DisableIRQ
    drvuart.o(i.DrvUART_Close) refers to drvuart.o(.data) for .data
    drvuart.o(i.DrvUART_DisableInt) refers to drvuart.o(i.NVIC_DisableIRQ) for NVIC_DisableIRQ
    drvuart.o(i.DrvUART_DisableInt) refers to drvuart.o(.data) for .data
    drvuart.o(i.DrvUART_EnableInt) refers to drvuart.o(i.NVIC_SetPriority) for NVIC_SetPriority
    drvuart.o(i.DrvUART_EnableInt) refers to drvuart.o(i.NVIC_EnableIRQ) for NVIC_EnableIRQ
    drvuart.o(i.DrvUART_EnableInt) refers to drvuart.o(.data) for .data
    drvuart.o(i.DrvUART_Open) refers to drvuart.o(i.GetUartClock) for GetUartClock
    drvuart.o(i.DrvUART_Open) refers to drvuart.o(i.BaudRateCalculator) for BaudRateCalculator
    drvuart.o(i.GetUartClock) refers to drvsys.o(i.DrvSYS_GetExtClockFreq) for DrvSYS_GetExtClockFreq
    drvuart.o(i.GetUartClock) refers to uidiv.o(.text) for __aeabi_uidivmod
    drvuart.o(i.GetUartClock) refers to drvsys.o(i.DrvSYS_GetPLLClockFreq) for DrvSYS_GetPLLClockFreq
    drvuart.o(i.UART0_IRQHandler) refers to drvuart.o(.data) for .data
    drvuart.o(i.UART1_IRQHandler) refers to drvuart.o(.data) for .data
    retarget.o(i.SendChar) refers to retarget.o(i.SendChar_ToUART) for SendChar_ToUART
    retarget.o(i._ttywrch) refers to retarget.o(i.SendChar) for SendChar
    retarget.o(i.fgetc) refers to retarget.o(i.GetChar) for GetChar
    retarget.o(i.fputc) refers to retarget.o(i.SendChar) for SendChar
    system_m051series.o(i.SystemCoreClockUpdate) refers to uidiv.o(.text) for __aeabi_uidivmod
    system_m051series.o(i.SystemCoreClockUpdate) refers to system_m051series.o(.data) for gau32ClkSrcTbl
    startup_m051series.o(RESET) refers to startup_m051series.o(STACK) for __initial_sp
    startup_m051series.o(RESET) refers to startup_m051series.o(.text) for Reset_Handler
    startup_m051series.o(RESET) refers to drvsys.o(i.BOD_IRQHandler) for BOD_IRQHandler
    startup_m051series.o(RESET) refers to drvtimer.o(i.WDT_IRQHandler) for WDT_IRQHandler
    startup_m051series.o(RESET) refers to drvgpio.o(i.EINT0_IRQHandler) for EINT0_IRQHandler
    startup_m051series.o(RESET) refers to drvgpio.o(i.EINT1_IRQHandler) for EINT1_IRQHandler
    startup_m051series.o(RESET) refers to drvgpio.o(i.GPIOP0P1_IRQHandler) for GPIOP0P1_IRQHandler
    startup_m051series.o(RESET) refers to drvgpio.o(i.GPIOP2P3P4_IRQHandler) for GPIOP2P3P4_IRQHandler
    startup_m051series.o(RESET) refers to drvpwm.o(i.PWMA_IRQHandler) for PWMA_IRQHandler
    startup_m051series.o(RESET) refers to drvpwm.o(i.PWMB_IRQHandler) for PWMB_IRQHandler
    startup_m051series.o(RESET) refers to drvtimer.o(i.TMR0_IRQHandler) for TMR0_IRQHandler
    startup_m051series.o(RESET) refers to drvtimer.o(i.TMR1_IRQHandler) for TMR1_IRQHandler
    startup_m051series.o(RESET) refers to drvtimer.o(i.TMR2_IRQHandler) for TMR2_IRQHandler
    startup_m051series.o(RESET) refers to drvtimer.o(i.TMR3_IRQHandler) for TMR3_IRQHandler
    startup_m051series.o(RESET) refers to drvuart.o(i.UART0_IRQHandler) for UART0_IRQHandler
    startup_m051series.o(RESET) refers to drvuart.o(i.UART1_IRQHandler) for UART1_IRQHandler
    startup_m051series.o(RESET) refers to drvspi.o(i.SPI0_IRQHandler) for SPI0_IRQHandler
    startup_m051series.o(RESET) refers to drvspi.o(i.SPI1_IRQHandler) for SPI1_IRQHandler
    startup_m051series.o(RESET) refers to drvi2c.o(i.I2C_IRQHandler) for I2C_IRQHandler
    startup_m051series.o(RESET) refers to drvsys.o(i.PWRWU_IRQHandler) for PWRWU_IRQHandler
    startup_m051series.o(RESET) refers to drvadc.o(i.ADC_IRQHandler) for ADC_IRQHandler
    startup_m051series.o(.text) refers to system_m051series.o(i.SystemInit) for SystemInit
    startup_m051series.o(.text) refers to entry.o(.ARM.Collect$$$$00000000) for __main
    gpio.o(i.initGPIO) refers to drvgpio.o(i.DrvGPIO_Open) for DrvGPIO_Open
    ir.o(i.Check_Learn_Finsh) refers to ir.o(.data) for ir_number
    ir.o(i.EINT0callback) refers to drvgpio.o(i.DrvGPIO_GetBit) for DrvGPIO_GetBit
    ir.o(i.EINT0callback) refers to ir.o(.data) for Learn_Finsh
    ir.o(i.EINT0callback) refers to ir.o(.bss) for ir_raw
    ir.o(i.GetIrCode2Flash) refers to flash_memory.o(i.Mem_Flash_Get) for Mem_Flash_Get
    ir.o(i.Reset_Finsh) refers to ir.o(.data) for Learn_Finsh
    ir.o(i.SaveIrCode2Flash) refers to flash_memory.o(i.FindEmptyBlock) for FindEmptyBlock
    ir.o(i.SaveIrCode2Flash) refers to flash_memory.o(i.Malloc_Flash) for Malloc_Flash
    ir.o(i.SaveIrCode2Flash) refers to main.o(i.initTMR0) for initTMR0
    ir.o(i.Send_IrCodeFlash) refers to drvtimer.o(i.DrvTIMER_Close) for DrvTIMER_Close
    ir.o(i.Send_IrCodeFlash) refers to flash_memory.o(i.Mem_Flash_Get) for Mem_Flash_Get
    ir.o(i.Send_IrCodeFlash) refers to main.o(i.initTMR0) for initTMR0
    ir.o(i.Send_IrCodeFlash) refers to ir.o(i.Send_Ir_Code) for Send_Ir_Code
    ir.o(i.Send_IrCodeFlash) refers to drvgpio.o(i.DrvGPIO_ClrBit) for DrvGPIO_ClrBit
    ir.o(i.Send_IrCodeFlash) refers to drvtimer.o(i.DrvTIMER_Delay) for DrvTIMER_Delay
    ir.o(i.Send_IrCodeFlash) refers to drvgpio.o(i.DrvGPIO_SetBit) for DrvGPIO_SetBit
    ir.o(i.Send_Ir_Code) refers to drvpwm.o(i.DrvPWM_Enable) for DrvPWM_Enable
    ir.o(i.Send_Ir_Code) refers to drvtimer.o(i.DrvTIMER_Delay) for DrvTIMER_Delay
    ir.o(i.Send_Ir_Code) refers to ir.o(.data) for StartLeve
    ir.o(i.Send_Ir_Code) refers to ir.o(.bss) for ir_raw
    ir.o(i.Triget_Learn_state) refers to ir.o(i.init_IR_INTTRUPUT) for init_IR_INTTRUPUT
    ir.o(i.Triget_Learn_state) refers to drvgpio.o(i.DrvGPIO_DisableEINT) for DrvGPIO_DisableEINT
    ir.o(i.Triget_Learn_state) refers to ir.o(.data) for StateLearn
    ir.o(i.init_IR_INTTRUPUT) refers to drvgpio.o(i.DrvGPIO_EnableEINT) for DrvGPIO_EnableEINT
    ir.o(i.init_IR_INTTRUPUT) refers to ir.o(i.EINT0callback) for EINT0callback
    ir.o(i.init_PWM) refers to drvpwm.o(i.DrvPWM_Open) for DrvPWM_Open
    ir.o(i.init_PWM) refers to drvpwm.o(i.DrvPWM_SelectClockSource) for DrvPWM_SelectClockSource
    ir.o(i.init_PWM) refers to drvpwm.o(i.DrvPWM_SetTimerClk) for DrvPWM_SetTimerClk
    ir.o(i.init_PWM) refers to drvpwm.o(i.DrvPWM_SetTimerIO) for DrvPWM_SetTimerIO
    ir.o(i.init_PWM) refers to drvgpio.o(i.DrvGPIO_InitFunction) for DrvGPIO_InitFunction
    ir.o(i.init_PWM) refers to drvpwm.o(i.DrvPWM_Enable) for DrvPWM_Enable
    flash_memory.o(i.FindEmptyBlock) refers to flash_memory.o(.bss) for Nbuf
    flash_memory.o(i.FindEmptyBlock) refers to flash_memory.o(.data) for flash
    flash_memory.o(i.FindSpecifiedBlock) refers to flash_memory.o(.bss) for Nbuf
    flash_memory.o(i.Free_Flash) refers to flash_memory.o(i.FindSpecifiedBlock) for FindSpecifiedBlock
    flash_memory.o(i.Free_Flash) refers to flash_memory.o(i.ListDelete) for ListDelete
    flash_memory.o(i.ListDelete) refers to fmc.o(i.Erase_ISP_DATA_FLASH) for Erase_ISP_DATA_FLASH
    flash_memory.o(i.ListGet) refers to fmc.o(i.read_ISP_DATA_FLASH) for read_ISP_DATA_FLASH
    flash_memory.o(i.ListGet) refers to memcpya.o(.text) for __aeabi_memcpy4
    flash_memory.o(i.ListGet) refers to flash_memory.o(.data) for flash
    flash_memory.o(i.ListInsert) refers to memcpya.o(.text) for __aeabi_memcpy4
    flash_memory.o(i.ListInsert) refers to fmc.o(i.Erase_ISP_DATA_FLASH) for Erase_ISP_DATA_FLASH
    flash_memory.o(i.ListInsert) refers to fmc.o(i.write_ISP_DATA_FLASH) for write_ISP_DATA_FLASH
    flash_memory.o(i.ListInsert) refers to flash_memory.o(.data) for flash
    flash_memory.o(i.Malloc_Flash) refers to flash_memory.o(i.FindSpecifiedBlock) for FindSpecifiedBlock
    flash_memory.o(i.Malloc_Flash) refers to flash_memory.o(i.ListInsert) for ListInsert
    flash_memory.o(i.Mem_Flash_Get) refers to flash_memory.o(i.FindSpecifiedBlock) for FindSpecifiedBlock
    flash_memory.o(i.Mem_Flash_Get) refers to flash_memory.o(i.ListGet) for ListGet
    flash_memory.o(i.init_flash_pool) refers to flash_memory.o(.bss) for Nbuf
    flash_memory.o(i.init_flash_pool) refers to flash_memory.o(.data) for flash
    flash_memory.o(.data) refers to flash_memory.o(.bss) for Nbuf
    fmc.o(i.Erase_ISP_DATA_FLASH) refers to drvsys.o(i.DrvSYS_UnlockProtectedReg) for DrvSYS_UnlockProtectedReg
    fmc.o(i.Erase_ISP_DATA_FLASH) refers to drvfmc.o(i.DrvFMC_Erase) for DrvFMC_Erase
    fmc.o(i.Erase_ISP_DATA_FLASH) refers to drvsys.o(i.DrvSYS_LockProtectedReg) for DrvSYS_LockProtectedReg
    fmc.o(i.Lode_Authenticated_Add) refers to fmc.o(i.read_ISP_DATA_FLASH) for read_ISP_DATA_FLASH
    fmc.o(i.Read_UID_M0) refers to drvsys.o(i.DrvSYS_UnlockProtectedReg) for DrvSYS_UnlockProtectedReg
    fmc.o(i.Read_UID_M0) refers to drvfmc.o(i.DrvFMC_ReadUID) for DrvFMC_ReadUID
    fmc.o(i.Read_UID_M0) refers to drvsys.o(i.DrvSYS_LockProtectedReg) for DrvSYS_LockProtectedReg
    fmc.o(i.Save_Authentication_Add) refers to fmc.o(i.read_ISP_DATA_FLASH) for read_ISP_DATA_FLASH
    fmc.o(i.Save_Authentication_Add) refers to fmc.o(i.write_ISP_DATA_FLASH) for write_ISP_DATA_FLASH
    fmc.o(i.initFMC) refers to drvsys.o(i.DrvSYS_UnlockProtectedReg) for DrvSYS_UnlockProtectedReg
    fmc.o(i.initFMC) refers to drvfmc.o(i.DrvFMC_EnableISP) for DrvFMC_EnableISP
    fmc.o(i.initFMC) refers to drvsys.o(i.DrvSYS_LockProtectedReg) for DrvSYS_LockProtectedReg
    fmc.o(i.read_ISP_DATA_FLASH) refers to drvsys.o(i.DrvSYS_UnlockProtectedReg) for DrvSYS_UnlockProtectedReg
    fmc.o(i.read_ISP_DATA_FLASH) refers to drvfmc.o(i.DrvFMC_Read) for DrvFMC_Read
    fmc.o(i.read_ISP_DATA_FLASH) refers to drvsys.o(i.DrvSYS_LockProtectedReg) for DrvSYS_LockProtectedReg
    fmc.o(i.write_ISP_DATA_FLASH) refers to drvsys.o(i.DrvSYS_UnlockProtectedReg) for DrvSYS_UnlockProtectedReg
    fmc.o(i.write_ISP_DATA_FLASH) refers to drvfmc.o(i.DrvFMC_Write) for DrvFMC_Write
    fmc.o(i.write_ISP_DATA_FLASH) refers to drvsys.o(i.DrvSYS_LockProtectedReg) for DrvSYS_LockProtectedReg
    si4432.o(i.Check_si4432) refers to si4432.o(i.spi_rw) for spi_rw
    si4432.o(i.Check_si4432) refers to si4432.o(i.su_fo) for su_fo
    si4432.o(i.RE_RSSI) refers to si4432.o(i.spi_rw) for spi_rw
    si4432.o(i.SI4432_init) refers to si4432.o(i.clr_interruput_si4432) for clr_interruput_si4432
    si4432.o(i.SI4432_init) refers to si4432.o(i.spi_rw) for spi_rw
    si4432.o(i.SPI_Read_OneByte) refers to drvgpio.o(i.DrvGPIO_SetBit) for DrvGPIO_SetBit
    si4432.o(i.SPI_Read_OneByte) refers to drvgpio.o(i.DrvGPIO_GetBit) for DrvGPIO_GetBit
    si4432.o(i.SPI_Read_OneByte) refers to drvgpio.o(i.DrvGPIO_ClrBit) for DrvGPIO_ClrBit
    si4432.o(i.SPI_WriteAndRead_OneByte) refers to drvgpio.o(i.DrvGPIO_SetBit) for DrvGPIO_SetBit
    si4432.o(i.SPI_WriteAndRead_OneByte) refers to drvgpio.o(i.DrvGPIO_ClrBit) for DrvGPIO_ClrBit
    si4432.o(i.SPI_WriteAndRead_OneByte) refers to drvgpio.o(i.DrvGPIO_GetBit) for DrvGPIO_GetBit
    si4432.o(i.SPI_Write_OneByte) refers to drvgpio.o(i.DrvGPIO_SetBit) for DrvGPIO_SetBit
    si4432.o(i.SPI_Write_OneByte) refers to drvgpio.o(i.DrvGPIO_ClrBit) for DrvGPIO_ClrBit
    si4432.o(i.clr_interruput_si4432) refers to si4432.o(i.spi_rw) for spi_rw
    si4432.o(i.initsi4432) refers to drvsys.o(i.DrvSYS_Delay) for DrvSYS_Delay
    si4432.o(i.initsi4432) refers to drvgpio.o(i.DrvGPIO_ClrBit) for DrvGPIO_ClrBit
    si4432.o(i.initsi4432) refers to si4432.o(i.SI4432_init) for SI4432_init
    si4432.o(i.initsi4432) refers to si4432.o(i.spi_rw) for spi_rw
    si4432.o(i.nRF24L01_ReadReg) refers to drvgpio.o(i.DrvGPIO_ClrBit) for DrvGPIO_ClrBit
    si4432.o(i.nRF24L01_ReadReg) refers to si4432.o(i.SPI_Write_OneByte) for SPI_Write_OneByte
    si4432.o(i.nRF24L01_ReadReg) refers to si4432.o(i.SPI_Read_OneByte) for SPI_Read_OneByte
    si4432.o(i.nRF24L01_ReadReg) refers to drvgpio.o(i.DrvGPIO_SetBit) for DrvGPIO_SetBit
    si4432.o(i.ref_init_si4432) refers to si4432.o(i.spi_rw) for spi_rw
    si4432.o(i.rx_data) refers to si4432.o(i.spi_rw) for spi_rw
    si4432.o(i.save_rec_data) refers to drvgpio.o(i.DrvGPIO_GetBit) for DrvGPIO_GetBit
    si4432.o(i.save_rec_data) refers to si4432.o(i.RE_RSSI) for RE_RSSI
    si4432.o(i.save_rec_data) refers to si4432.o(i.clr_interruput_si4432) for clr_interruput_si4432
    si4432.o(i.save_rec_data) refers to si4432.o(i.spi_rw) for spi_rw
    si4432.o(i.save_rec_data) refers to drvgpio.o(i.DrvGPIO_ClrBit) for DrvGPIO_ClrBit
    si4432.o(i.save_rec_data) refers to si4432.o(i.spi_byte) for spi_byte
    si4432.o(i.save_rec_data) refers to drvgpio.o(i.DrvGPIO_SetBit) for DrvGPIO_SetBit
    si4432.o(i.save_rec_data) refers to si4432.o(i.rx_data) for rx_data
    si4432.o(i.spi_byte) refers to drvgpio.o(i.DrvGPIO_SetBit) for DrvGPIO_SetBit
    si4432.o(i.spi_byte) refers to drvgpio.o(i.DrvGPIO_ClrBit) for DrvGPIO_ClrBit
    si4432.o(i.spi_byte) refers to drvgpio.o(i.DrvGPIO_GetBit) for DrvGPIO_GetBit
    si4432.o(i.spi_rw) refers to drvgpio.o(i.DrvGPIO_ClrBit) for DrvGPIO_ClrBit
    si4432.o(i.spi_rw) refers to drvgpio.o(i.DrvGPIO_SetBit) for DrvGPIO_SetBit
    si4432.o(i.spi_rw) refers to drvgpio.o(i.DrvGPIO_GetBit) for DrvGPIO_GetBit
    si4432.o(i.su_fo) refers to si4432.o(.data) for .data
    si4432.o(i.tx_data) refers to si4432.o(i.spi_rw) for spi_rw
    si4432.o(i.tx_data) refers to drvsys.o(i.DrvSYS_Delay) for DrvSYS_Delay
    si4432.o(i.tx_data) refers to si4432.o(i.SI4432_init) for SI4432_init
    si4432.o(i.tx_data) refers to si4432.o(i.rx_data) for rx_data
    si4432_proto.o(i.RecvCmdFromSI4432) refers to ir.o(i.Send_IrCodeFlash) for Send_IrCodeFlash
    si4432_proto.o(i.RecvCmdFromSI4432) refers to si4432.o(i.tx_data) for tx_data
    si4432_proto.o(i.RecvCmdFromSI4432) refers to main.o(.data) for UID
    si4432_proto.o(i.RecvCmdFromSI4432) refers to ir.o(.bss) for ir_raw
    entry.o(.ARM.Collect$$$$00000000) refers (Special) to entry7.o(.ARM.Collect$$$$00000007) for _main_init
    entry.o(.ARM.Collect$$$$00000000) refers (Special) to entry5.o(.ARM.Collect$$$$00000004) for _main_scatterload
    entry.o(.ARM.Collect$$$$00000000) refers (Special) to entry2.o(.ARM.Collect$$$$00000001) for _main_stk
    idiv.o(.text) refers to uidiv.o(.text) for __aeabi_uidivmod
    entry2.o(.ARM.Collect$$$$00000001) refers to entry2.o(.ARM.Collect$$$$00002712) for __lit__00000000
    entry2.o(.ARM.Collect$$$$00002712) refers to startup_m051series.o(STACK) for __initial_sp
    entry2.o(__vectab_stack_and_reset_area) refers to startup_m051series.o(STACK) for __initial_sp
    entry2.o(__vectab_stack_and_reset_area) refers to entry.o(.ARM.Collect$$$$00000000) for __main
    entry5.o(.ARM.Collect$$$$00000004) refers to init.o(.text) for __scatterload
    entry7.o(.ARM.Collect$$$$00000007) refers to main.o(i.main) for main
    init.o(.text) refers to entry5.o(.ARM.Collect$$$$00000004) for __main_after_scatterload


==============================================================================

Removing Unused input sections from the image.

    Removing drvadc.o(i.DrvADC_Close), (112 bytes).
    Removing drvadc.o(i.DrvADC_ConfigADCChannel7), (32 bytes).
    Removing drvadc.o(i.DrvADC_DisableADCCmp0), (20 bytes).
    Removing drvadc.o(i.DrvADC_DisableADCCmp0Int), (20 bytes).
    Removing drvadc.o(i.DrvADC_DisableADCCmp1), (20 bytes).
    Removing drvadc.o(i.DrvADC_DisableADCCmp1Int), (20 bytes).
    Removing drvadc.o(i.DrvADC_DisableADCInt), (20 bytes).
    Removing drvadc.o(i.DrvADC_DisableExtTrigger), (20 bytes).
    Removing drvadc.o(i.DrvADC_DisableSelfCalibration), (20 bytes).
    Removing drvadc.o(i.DrvADC_EnableADCCmp0), (144 bytes).
    Removing drvadc.o(i.DrvADC_EnableADCCmp0Int), (72 bytes).
    Removing drvadc.o(i.DrvADC_EnableADCCmp1), (148 bytes).
    Removing drvadc.o(i.DrvADC_EnableADCCmp1Int), (72 bytes).
    Removing drvadc.o(i.DrvADC_EnableADCInt), (72 bytes).
    Removing drvadc.o(i.DrvADC_EnableExtTrigger), (96 bytes).
    Removing drvadc.o(i.DrvADC_EnableSelfCalibration), (20 bytes).
    Removing drvadc.o(i.DrvADC_GetConversionData), (20 bytes).
    Removing drvadc.o(i.DrvADC_GetConversionRate), (120 bytes).
    Removing drvadc.o(i.DrvADC_GetVersion), (8 bytes).
    Removing drvadc.o(i.DrvADC_IsCalibrationDone), (24 bytes).
    Removing drvadc.o(i.DrvADC_IsConversionDone), (20 bytes).
    Removing drvadc.o(i.DrvADC_IsDataOverrun), (56 bytes).
    Removing drvadc.o(i.DrvADC_IsDataValid), (56 bytes).
    Removing drvadc.o(i.DrvADC_Open), (240 bytes).
    Removing drvadc.o(i.DrvADC_SetADCChannel), (20 bytes).
    Removing drvadc.o(i.DrvADC_SetADCClkSrc), (28 bytes).
    Removing drvadc.o(i.DrvADC_SetADCDivisor), (32 bytes).
    Removing drvadc.o(i.DrvADC_SetADCInputMode), (44 bytes).
    Removing drvadc.o(i.DrvADC_SetADCOperationMode), (80 bytes).
    Removing drvadc.o(i.DrvADC_StartConvert), (36 bytes).
    Removing drvadc.o(i.DrvADC_StopConvert), (20 bytes).
    Removing drvadc.o(i.NVIC_EnableIRQ), (20 bytes).
    Removing drvadc.o(i.NVIC_SetPriority), (120 bytes).
    Removing drvfmc.o(i.DrvFMC_BootSelect), (36 bytes).
    Removing drvfmc.o(i.DrvFMC_DisableConfigUpdate), (20 bytes).
    Removing drvfmc.o(i.DrvFMC_DisableISP), (20 bytes).
    Removing drvfmc.o(i.DrvFMC_DisableLDUpdate), (20 bytes).
    Removing drvfmc.o(i.DrvFMC_DisableLowFreqOptMode), (20 bytes).
    Removing drvfmc.o(i.DrvFMC_DisablePowerSaving), (20 bytes).
    Removing drvfmc.o(i.DrvFMC_EnableConfigUpdate), (20 bytes).
    Removing drvfmc.o(i.DrvFMC_EnableLDUpdate), (20 bytes).
    Removing drvfmc.o(i.DrvFMC_EnableLowFreqOptMode), (20 bytes).
    Removing drvfmc.o(i.DrvFMC_EnablePowerSaving), (20 bytes).
    Removing drvfmc.o(i.DrvFMC_GetBootSelect), (16 bytes).
    Removing drvfmc.o(i.DrvFMC_GetVersion), (8 bytes).
    Removing drvfmc.o(i.DrvFMC_ReadDataFlashBaseAddr), (12 bytes).
    Removing drvfmc.o(i.DrvFMC_WriteConfig), (36 bytes).
    Removing drvgpio.o(i.DrvGPIO_Close), (44 bytes).
    Removing drvgpio.o(i.DrvGPIO_ClrBitMask), (28 bytes).
    Removing drvgpio.o(i.DrvGPIO_ClrPortMask), (28 bytes).
    Removing drvgpio.o(i.DrvGPIO_DisableDebounce), (44 bytes).
    Removing drvgpio.o(i.DrvGPIO_DisableDigitalInputBit), (32 bytes).
    Removing drvgpio.o(i.DrvGPIO_DisableInt), (72 bytes).
    Removing drvgpio.o(i.DrvGPIO_EnableDebounce), (48 bytes).
    Removing drvgpio.o(i.DrvGPIO_EnableDigitalInputBit), (32 bytes).
    Removing drvgpio.o(i.DrvGPIO_EnableInt), (208 bytes).
    Removing drvgpio.o(i.DrvGPIO_GetBitMask), (24 bytes).
    Removing drvgpio.o(i.DrvGPIO_GetDebounceSampleCycle), (16 bytes).
    Removing drvgpio.o(i.DrvGPIO_GetDoutBit), (20 bytes).
    Removing drvgpio.o(i.DrvGPIO_GetIntStatus), (16 bytes).
    Removing drvgpio.o(i.DrvGPIO_GetPortBits), (16 bytes).
    Removing drvgpio.o(i.DrvGPIO_GetPortDoutBits), (16 bytes).
    Removing drvgpio.o(i.DrvGPIO_GetPortMask), (16 bytes).
    Removing drvgpio.o(i.DrvGPIO_GetVersion), (8 bytes).
    Removing drvgpio.o(i.DrvGPIO_SetBitMask), (28 bytes).
    Removing drvgpio.o(i.DrvGPIO_SetDebounceTime), (64 bytes).
    Removing drvgpio.o(i.DrvGPIO_SetIntCallback), (16 bytes).
    Removing drvgpio.o(i.DrvGPIO_SetPortBits), (16 bytes).
    Removing drvgpio.o(i.DrvGPIO_SetPortMask), (24 bytes).
    Removing drvi2c.o(i.DrvI2C_ClearIntFlag), (20 bytes).
    Removing drvi2c.o(i.DrvI2C_ClearTimeoutFlag), (20 bytes).
    Removing drvi2c.o(i.DrvI2C_Close), (72 bytes).
    Removing drvi2c.o(i.DrvI2C_Ctrl), (56 bytes).
    Removing drvi2c.o(i.DrvI2C_DisableInt), (40 bytes).
    Removing drvi2c.o(i.DrvI2C_EnableInt), (52 bytes).
    Removing drvi2c.o(i.DrvI2C_GetClockFreq), (28 bytes).
    Removing drvi2c.o(i.DrvI2C_GetIntFlag), (16 bytes).
    Removing drvi2c.o(i.DrvI2C_GetStatus), (12 bytes).
    Removing drvi2c.o(i.DrvI2C_GetVersion), (8 bytes).
    Removing drvi2c.o(i.DrvI2C_InstallCallback), (64 bytes).
    Removing drvi2c.o(i.DrvI2C_Open), (124 bytes).
    Removing drvi2c.o(i.DrvI2C_ReadData), (12 bytes).
    Removing drvi2c.o(i.DrvI2C_SetAddress), (192 bytes).
    Removing drvi2c.o(i.DrvI2C_SetAddressMask), (132 bytes).
    Removing drvi2c.o(i.DrvI2C_SetClockFreq), (56 bytes).
    Removing drvi2c.o(i.DrvI2C_SetTimeoutCounter), (52 bytes).
    Removing drvi2c.o(i.DrvI2C_UninstallCallBack), (72 bytes).
    Removing drvi2c.o(i.DrvI2C_WriteData), (12 bytes).
    Removing drvi2c.o(i.NVIC_SetPriority), (120 bytes).
    Removing drvpwm.o(i.DrvPWM_ClearCaptureIntStatus), (308 bytes).
    Removing drvpwm.o(i.DrvPWM_ClearInt), (200 bytes).
    Removing drvpwm.o(i.DrvPWM_Close), (92 bytes).
    Removing drvpwm.o(i.DrvPWM_DisableInt), (464 bytes).
    Removing drvpwm.o(i.DrvPWM_EnableDeadZone), (212 bytes).
    Removing drvpwm.o(i.DrvPWM_EnableInt), (676 bytes).
    Removing drvpwm.o(i.DrvPWM_GetCaptureIntStatus), (244 bytes).
    Removing drvpwm.o(i.DrvPWM_GetFallingCounter), (44 bytes).
    Removing drvpwm.o(i.DrvPWM_GetIntFlag), (188 bytes).
    Removing drvpwm.o(i.DrvPWM_GetRisingCounter), (44 bytes).
    Removing drvpwm.o(i.DrvPWM_GetTimerCounter), (52 bytes).
    Removing drvpwm.o(i.DrvPWM_GetVersion), (8 bytes).
    Removing drvpwm.o(i.DrvPWM_IsTimerEnabled), (96 bytes).
    Removing drvpwm.o(i.DrvPWM_SetTimerCounter), (48 bytes).
    Removing drvpwm.o(i.NVIC_DisableIRQ), (20 bytes).
    Removing drvpwm.o(i.NVIC_EnableIRQ), (20 bytes).
    Removing drvpwm.o(i.NVIC_SetPriority), (120 bytes).
    Removing drvebi.o(i.DrvEBI_Close), (36 bytes).
    Removing drvebi.o(i.DrvEBI_GetBusTiming), (68 bytes).
    Removing drvebi.o(i.DrvEBI_GetVersion), (8 bytes).
    Removing drvebi.o(i.DrvEBI_Open), (108 bytes).
    Removing drvebi.o(i.DrvEBI_SetBusTiming), (144 bytes).
    Removing drvspi.o(i.DrvSPI_BurstRead), (72 bytes).
    Removing drvspi.o(i.DrvSPI_BurstTransfer), (112 bytes).
    Removing drvspi.o(i.DrvSPI_BurstWrite), (72 bytes).
    Removing drvspi.o(i.DrvSPI_Close), (196 bytes).
    Removing drvspi.o(i.DrvSPI_ClrGo), (28 bytes).
    Removing drvspi.o(i.DrvSPI_ClrIntFlag), (32 bytes).
    Removing drvspi.o(i.DrvSPI_ClrSS), (28 bytes).
    Removing drvspi.o(i.DrvSPI_DisableAutoSS), (44 bytes).
    Removing drvspi.o(i.DrvSPI_DisableInt), (76 bytes).
    Removing drvspi.o(i.DrvSPI_DumpRxRegister), (44 bytes).
    Removing drvspi.o(i.DrvSPI_EnableAutoSS), (48 bytes).
    Removing drvspi.o(i.DrvSPI_EnableInt), (100 bytes).
    Removing drvspi.o(i.DrvSPI_GetClock1Freq), (36 bytes).
    Removing drvspi.o(i.DrvSPI_GetClock2Freq), (36 bytes).
    Removing drvspi.o(i.DrvSPI_GetIntFlag), (20 bytes).
    Removing drvspi.o(i.DrvSPI_GetLevelTriggerStatus), (28 bytes).
    Removing drvspi.o(i.DrvSPI_GetVersion), (8 bytes).
    Removing drvspi.o(i.DrvSPI_IsBusy), (20 bytes).
    Removing drvspi.o(i.DrvSPI_Open), (852 bytes).
    Removing drvspi.o(i.DrvSPI_SetBitLength), (64 bytes).
    Removing drvspi.o(i.DrvSPI_SetByteReorder), (108 bytes).
    Removing drvspi.o(i.DrvSPI_SetClockFreq), (212 bytes).
    Removing drvspi.o(i.DrvSPI_SetEndian), (60 bytes).
    Removing drvspi.o(i.DrvSPI_SetGo), (28 bytes).
    Removing drvspi.o(i.DrvSPI_SetSS), (28 bytes).
    Removing drvspi.o(i.DrvSPI_SetSlaveSelectActiveLevel), (36 bytes).
    Removing drvspi.o(i.DrvSPI_SetSuspendCycle), (88 bytes).
    Removing drvspi.o(i.DrvSPI_SetTriggerMode), (36 bytes).
    Removing drvspi.o(i.DrvSPI_SetTxRegister), (44 bytes).
    Removing drvspi.o(i.DrvSPI_SetVariableClockFunction), (68 bytes).
    Removing drvspi.o(i.DrvSPI_SingleRead), (64 bytes).
    Removing drvspi.o(i.DrvSPI_SingleWrite), (64 bytes).
    Removing drvspi.o(i.NVIC_DisableIRQ), (20 bytes).
    Removing drvspi.o(i.NVIC_EnableIRQ), (20 bytes).
    Removing drvspi.o(i.NVIC_SetPriority), (120 bytes).
    Removing drvspi.o(.data), (8 bytes).
    Removing drvsys.o(i.DrvSYS_ClearClockSwitchStatus), (20 bytes).
    Removing drvsys.o(i.DrvSYS_ClearResetSource), (12 bytes).
    Removing drvsys.o(i.DrvSYS_DisableBODLowPowerMode), (18 bytes).
    Removing drvsys.o(i.DrvSYS_DisableLowVoltReset), (18 bytes).
    Removing drvsys.o(i.DrvSYS_DisablePOR), (12 bytes).
    Removing drvsys.o(i.DrvSYS_EnableBODLowPowerMode), (20 bytes).
    Removing drvsys.o(i.DrvSYS_EnableLowVoltReset), (20 bytes).
    Removing drvsys.o(i.DrvSYS_EnablePOR), (10 bytes).
    Removing drvsys.o(i.DrvSYS_EnterPowerDown), (56 bytes).
    Removing drvsys.o(i.DrvSYS_GetBODState), (12 bytes).
    Removing drvsys.o(i.DrvSYS_GetChipClockSourceStatus), (80 bytes).
    Removing drvsys.o(i.DrvSYS_GetClockSwitchStatus), (16 bytes).
    Removing drvsys.o(i.DrvSYS_GetPLLContent), (196 bytes).
    Removing drvsys.o(i.DrvSYS_GetResetSource), (8 bytes).
    Removing drvsys.o(i.DrvSYS_GetVersion), (8 bytes).
    Removing drvsys.o(i.DrvSYS_IsProtectedRegLocked), (16 bytes).
    Removing drvsys.o(i.DrvSYS_Open), (180 bytes).
    Removing drvsys.o(i.DrvSYS_ReadProductID), (8 bytes).
    Removing drvsys.o(i.DrvSYS_ResetCPU), (20 bytes).
    Removing drvsys.o(i.DrvSYS_ResetChip), (20 bytes).
    Removing drvsys.o(i.DrvSYS_ResetIP), (72 bytes).
    Removing drvsys.o(i.DrvSYS_SelectBODVolt), (26 bytes).
    Removing drvsys.o(i.DrvSYS_SelectPLLSource), (28 bytes).
    Removing drvsys.o(i.DrvSYS_SetBODFunction), (92 bytes).
    Removing drvsys.o(i.DrvSYS_SetFreqDividerOutput), (76 bytes).
    Removing drvsys.o(i.DrvSYS_SetPLLContent), (76 bytes).
    Removing drvsys.o(i.DrvSYS_SetPLLMode), (48 bytes).
    Removing drvsys.o(i.DrvSYS_SetPowerDownWakeUpInt), (104 bytes).
    Removing drvsys.o(i.NVIC_DisableIRQ), (20 bytes).
    Removing drvsys.o(i.NVIC_EnableIRQ), (20 bytes).
    Removing drvsys.o(i.NVIC_SetPriority), (120 bytes).
    Removing drvtimer.o(i.DrvTIMER_ClearIntFlag), (100 bytes).
    Removing drvtimer.o(i.DrvTIMER_ClearTimerEvent), (204 bytes).
    Removing drvtimer.o(i.DrvTIMER_GetIntFlag), (72 bytes).
    Removing drvtimer.o(i.DrvTIMER_GetVersion), (8 bytes).
    Removing drvtimer.o(i.DrvTIMER_ResetIntTicks), (76 bytes).
    Removing drvtimer.o(i.DrvTIMER_SetTimerEvent), (504 bytes).
    Removing drvtimer.o(i.DrvWDT_Close), (76 bytes).
    Removing drvtimer.o(i.DrvWDT_InstallISR), (28 bytes).
    Removing drvtimer.o(i.DrvWDT_Ioctl), (224 bytes).
    Removing drvtimer.o(i.DrvWDT_Open), (84 bytes).
    Removing drvuart.o(i.BaudRateCalculator), (272 bytes).
    Removing drvuart.o(i.DrvUART_ClearIntFlag), (128 bytes).
    Removing drvuart.o(i.DrvUART_Close), (112 bytes).
    Removing drvuart.o(i.DrvUART_DisableInt), (128 bytes).
    Removing drvuart.o(i.DrvUART_EnableInt), (224 bytes).
    Removing drvuart.o(i.DrvUART_GetCTS), (28 bytes).
    Removing drvuart.o(i.DrvUART_GetIntStatus), (20 bytes).
    Removing drvuart.o(i.DrvUART_GetVersion), (8 bytes).
    Removing drvuart.o(i.DrvUART_IsIntEnabled), (56 bytes).
    Removing drvuart.o(i.DrvUART_Open), (548 bytes).
    Removing drvuart.o(i.DrvUART_Read), (64 bytes).
    Removing drvuart.o(i.DrvUART_SetFnIRDA), (88 bytes).
    Removing drvuart.o(i.DrvUART_SetFnRS485), (192 bytes).
    Removing drvuart.o(i.DrvUART_SetRTS), (48 bytes).
    Removing drvuart.o(i.DrvUART_Write), (64 bytes).
    Removing drvuart.o(i.GetUartClock), (88 bytes).
    Removing drvuart.o(i.NVIC_DisableIRQ), (20 bytes).
    Removing drvuart.o(i.NVIC_EnableIRQ), (20 bytes).
    Removing drvuart.o(i.NVIC_SetPriority), (120 bytes).
    Removing retarget.o(i.GetChar), (28 bytes).
    Removing retarget.o(i.IsDebugFifoEmpty), (16 bytes).
    Removing retarget.o(i.SendChar), (12 bytes).
    Removing retarget.o(i.SendChar_ToUART), (48 bytes).
    Removing retarget.o(i._ttywrch), (12 bytes).
    Removing retarget.o(i.ferror), (8 bytes).
    Removing retarget.o(i.fgetc), (10 bytes).
    Removing retarget.o(i.fputc), (16 bytes).
    Removing retarget.o(i.kbhit), (20 bytes).
    Removing retarget.o(.data), (8 bytes).
    Removing core_cm0.o(.emb_text), (32 bytes).
    Removing startup_m051series.o(HEAP), (0 bytes).
    Removing ir.o(i.GetIrCode2Flash), (16 bytes).
    Removing ir.o(i.pfP0P1Callback), (2 bytes).
    Removing ir.o(i.pfP2P3P4Callback), (2 bytes).
    Removing flash_memory.o(i.Clearn), (20 bytes).
    Removing flash_memory.o(i.Free_Flash), (18 bytes).
    Removing flash_memory.o(i.ListDelete), (44 bytes).
    Removing fmc.o(i.Lode_Authenticated_Add), (60 bytes).
    Removing fmc.o(i.Save_Authentication_Add), (88 bytes).
    Removing si4432.o(i.SPI_Read_OneByte), (62 bytes).
    Removing si4432.o(i.SPI_WriteAndRead_OneByte), (92 bytes).
    Removing si4432.o(i.SPI_Write_OneByte), (62 bytes).
    Removing si4432.o(i.nRF24L01_ReadReg), (36 bytes).
    Removing si4432.o(i.ref_init_si4432), (364 bytes).

232 unused section(s) (total 16348 bytes) removed from the image.

==============================================================================

Image Symbol Table

    Local Symbols

    Symbol Name                              Value     Ov Type        Size  Object(Section)

    RESET                                    0x00000000   Section      192  startup_m051series.o(RESET)
    ../../microlib/division.c                0x00000000   Number         0  idiv.o ABSOLUTE
    ../../microlib/division.c                0x00000000   Number         0  uidiv.o ABSOLUTE
    ../../microlib/init/entry.s              0x00000000   Number         0  entry2.o ABSOLUTE
    ../../microlib/init/entry.s              0x00000000   Number         0  entry5.o ABSOLUTE
    ../../microlib/init/entry.s              0x00000000   Number         0  entry7.o ABSOLUTE
    ../../microlib/init/entry.s              0x00000000   Number         0  entry.o ABSOLUTE
    ../../microlib/printf/stubs.s            0x00000000   Number         0  stubs.o ABSOLUTE
    ../../microlib/string/memcpy.c           0x00000000   Number         0  memcpyb.o ABSOLUTE
    ../../microlib/string/memcpy.c           0x00000000   Number         0  memcpya.o ABSOLUTE
    ..\CMSIS\CM0\CoreSupport\core_cm0.c      0x00000000   Number         0  core_cm0.o ABSOLUTE
    ..\CMSIS\CM0\DeviceSupport\Nuvoton\M051Series\startup\arm\startup_M051Series.s 0x00000000   Number         0  startup_m051series.o ABSOLUTE
    ..\CMSIS\CM0\DeviceSupport\Nuvoton\M051Series\system_M051Series.c 0x00000000   Number         0  system_m051series.o ABSOLUTE
    ..\FMC\FMC.c                             0x00000000   Number         0  fmc.o ABSOLUTE
    ..\GPIO\GPIO.c                           0x00000000   Number         0  gpio.o ABSOLUTE
    ..\Lib\DrvADC.c                          0x00000000   Number         0  drvadc.o ABSOLUTE
    ..\Lib\DrvEBI.c                          0x00000000   Number         0  drvebi.o ABSOLUTE
    ..\Lib\DrvFMC.c                          0x00000000   Number         0  drvfmc.o ABSOLUTE
    ..\Lib\DrvGPIO.c                         0x00000000   Number         0  drvgpio.o ABSOLUTE
    ..\Lib\DrvI2C.c                          0x00000000   Number         0  drvi2c.o ABSOLUTE
    ..\Lib\DrvPWM.c                          0x00000000   Number         0  drvpwm.o ABSOLUTE
    ..\Lib\DrvSPI.c                          0x00000000   Number         0  drvspi.o ABSOLUTE
    ..\Lib\DrvSYS.c                          0x00000000   Number         0  drvsys.o ABSOLUTE
    ..\Lib\DrvTIMER.c                        0x00000000   Number         0  drvtimer.o ABSOLUTE
    ..\Lib\DrvUART.c                         0x00000000   Number         0  drvuart.o ABSOLUTE
    ..\Lib\retarget.c                        0x00000000   Number         0  retarget.o ABSOLUTE
    ..\MAIN\main.c                           0x00000000   Number         0  main.o ABSOLUTE
    ..\SI4432Protocol\SI4432_proto.c         0x00000000   Number         0  si4432_proto.o ABSOLUTE
    ..\SI4432_Driver\SI4432.c                0x00000000   Number         0  si4432.o ABSOLUTE
    ..\\CMSIS\\CM0\\CoreSupport\\core_cm0.c  0x00000000   Number         0  core_cm0.o ABSOLUTE
    ..\∫ÏÕ‚\Flash_Memory.c                   0x00000000   Number         0  flash_memory.o ABSOLUTE
    ..\∫ÏÕ‚\ir.c                             0x00000000   Number         0  ir.o ABSOLUTE
    dc.s                                     0x00000000   Number         0  dc.o ABSOLUTE
    handlers.s                               0x00000000   Number         0  handlers.o ABSOLUTE
    init.s                                   0x00000000   Number         0  init.o ABSOLUTE
    .ARM.Collect$$$$00000000                 0x000000c0   Section        0  entry.o(.ARM.Collect$$$$00000000)
    .ARM.Collect$$$$00000001                 0x000000c0   Section        4  entry2.o(.ARM.Collect$$$$00000001)
    .ARM.Collect$$$$00000004                 0x000000c4   Section        4  entry5.o(.ARM.Collect$$$$00000004)
    .ARM.Collect$$$$00000007                 0x000000c8   Section        8  entry7.o(.ARM.Collect$$$$00000007)
    .ARM.Collect$$$$00002712                 0x000000d0   Section        4  entry2.o(.ARM.Collect$$$$00002712)
    __lit__00000000                          0x000000d0   Data           4  entry2.o(.ARM.Collect$$$$00002712)
    .text                                    0x000000d4   Section       92  startup_m051series.o(.text)
    Default_Handler                          0x00000105   Thumb Code     2  startup_m051series.o(.text)
    .text                                    0x00000130   Section        0  uidiv.o(.text)
    .text                                    0x0000015c   Section        0  idiv.o(.text)
    .text                                    0x00000184   Section        0  memcpya.o(.text)
    .text                                    0x000001a8   Section       36  init.o(.text)
    i.ADC_IRQHandler                         0x000001cc   Section        0  drvadc.o(i.ADC_IRQHandler)
    i.BOD_IRQHandler                         0x00000268   Section        0  drvsys.o(i.BOD_IRQHandler)
    i.CalTimerInitValue                      0x00000290   Section        0  drvtimer.o(i.CalTimerInitValue)
    CalTimerInitValue                        0x00000291   Thumb Code    70  drvtimer.o(i.CalTimerInitValue)
    i.Check_Learn_Finsh                      0x000002d8   Section        0  ir.o(i.Check_Learn_Finsh)
    i.Check_si4432                           0x00000314   Section        0  si4432.o(i.Check_si4432)
    i.DrvFMC_EnableISP                       0x00000338   Section        0  drvfmc.o(i.DrvFMC_EnableISP)
    i.DrvFMC_Erase                           0x00000360   Section        0  drvfmc.o(i.DrvFMC_Erase)
    i.DrvFMC_Read                            0x000003d4   Section        0  drvfmc.o(i.DrvFMC_Read)
    i.DrvFMC_ReadUID                         0x00000450   Section        0  drvfmc.o(i.DrvFMC_ReadUID)
    i.DrvFMC_Write                           0x000004c4   Section        0  drvfmc.o(i.DrvFMC_Write)
    i.DrvGPIO_ClrBit                         0x00000538   Section        0  drvgpio.o(i.DrvGPIO_ClrBit)
    i.DrvGPIO_DisableEINT                    0x00000550   Section        0  drvgpio.o(i.DrvGPIO_DisableEINT)
    i.DrvGPIO_EnableEINT                     0x00000584   Section        0  drvgpio.o(i.DrvGPIO_EnableEINT)
    i.DrvGPIO_GetBit                         0x00000628   Section        0  drvgpio.o(i.DrvGPIO_GetBit)
    i.DrvGPIO_InitFunction                   0x0000063c   Section        0  drvgpio.o(i.DrvGPIO_InitFunction)
    i.DrvGPIO_Open                           0x000008c0   Section        0  drvgpio.o(i.DrvGPIO_Open)
    i.DrvGPIO_SetBit                         0x0000091c   Section        0  drvgpio.o(i.DrvGPIO_SetBit)
    i.DrvPWM_Enable                          0x00000934   Section        0  drvpwm.o(i.DrvPWM_Enable)
    i.DrvPWM_Open                            0x00000a88   Section        0  drvpwm.o(i.DrvPWM_Open)
    i.DrvPWM_SelectClockSource               0x00000ac0   Section        0  drvpwm.o(i.DrvPWM_SelectClockSource)
    i.DrvPWM_SetTimerClk                     0x00000b40   Section        0  drvpwm.o(i.DrvPWM_SetTimerClk)
    i.DrvPWM_SetTimerIO                      0x000011dc   Section        0  drvpwm.o(i.DrvPWM_SetTimerIO)
    i.DrvSYS_Delay                           0x000012a4   Section        0  drvsys.o(i.DrvSYS_Delay)
    i.DrvSYS_GetExtClockFreq                 0x000012d0   Section        0  drvsys.o(i.DrvSYS_GetExtClockFreq)
    i.DrvSYS_GetHCLKFreq                     0x000012d8   Section        0  drvsys.o(i.DrvSYS_GetHCLKFreq)
    i.DrvSYS_GetPLLClockFreq                 0x00001334   Section        0  drvsys.o(i.DrvSYS_GetPLLClockFreq)
    i.DrvSYS_LockProtectedReg                0x000013ac   Section        0  drvsys.o(i.DrvSYS_LockProtectedReg)
    i.DrvSYS_SelectHCLKSource                0x000013d0   Section        0  drvsys.o(i.DrvSYS_SelectHCLKSource)
    i.DrvSYS_SelectIPClockSource             0x00001428   Section        0  drvsys.o(i.DrvSYS_SelectIPClockSource)
    i.DrvSYS_SelectSysTickSource             0x00001570   Section        0  drvsys.o(i.DrvSYS_SelectSysTickSource)
    i.DrvSYS_SetClockDivider                 0x000015a0   Section        0  drvsys.o(i.DrvSYS_SetClockDivider)
    i.DrvSYS_SetIPClock                      0x00001608   Section        0  drvsys.o(i.DrvSYS_SetIPClock)
    i.DrvSYS_SetOscCtrl                      0x00001664   Section        0  drvsys.o(i.DrvSYS_SetOscCtrl)
    i.DrvSYS_UnlockProtectedReg              0x000016c8   Section        0  drvsys.o(i.DrvSYS_UnlockProtectedReg)
    i.DrvTIMER_Close                         0x000016f4   Section        0  drvtimer.o(i.DrvTIMER_Close)
    i.DrvTIMER_Delay                         0x000017c8   Section        0  drvtimer.o(i.DrvTIMER_Delay)
    i.DrvTIMER_DisableInt                    0x000017ec   Section        0  drvtimer.o(i.DrvTIMER_DisableInt)
    i.DrvTIMER_EnableInt                     0x00001838   Section        0  drvtimer.o(i.DrvTIMER_EnableInt)
    i.DrvTIMER_GetIntTicks                   0x00001894   Section        0  drvtimer.o(i.DrvTIMER_GetIntTicks)
    i.DrvTIMER_Init                          0x000018d4   Section        0  drvtimer.o(i.DrvTIMER_Init)
    i.DrvTIMER_Open                          0x000018f8   Section        0  drvtimer.o(i.DrvTIMER_Open)
    i.DrvTIMER_Start                         0x00001be4   Section        0  drvtimer.o(i.DrvTIMER_Start)
    i.EINT0_IRQHandler                       0x00001c28   Section        0  drvgpio.o(i.EINT0_IRQHandler)
    i.EINT0callback                          0x00001c48   Section        0  ir.o(i.EINT0callback)
    i.EINT1_IRQHandler                       0x00001cb4   Section        0  drvgpio.o(i.EINT1_IRQHandler)
    i.Erase_ISP_DATA_FLASH                   0x00001cd4   Section        0  fmc.o(i.Erase_ISP_DATA_FLASH)
    i.FindEmptyBlock                         0x00001ce8   Section        0  flash_memory.o(i.FindEmptyBlock)
    i.FindSpecifiedBlock                     0x00001d28   Section        0  flash_memory.o(i.FindSpecifiedBlock)
    i.GPIOP0P1_IRQHandler                    0x00001d40   Section        0  drvgpio.o(i.GPIOP0P1_IRQHandler)
    i.GPIOP2P3P4_IRQHandler                  0x00001d74   Section        0  drvgpio.o(i.GPIOP2P3P4_IRQHandler)
    i.GetTimerClock                          0x00001dbc   Section        0  drvtimer.o(i.GetTimerClock)
    GetTimerClock                            0x00001dbd   Thumb Code    82  drvtimer.o(i.GetTimerClock)
    i.I2C_IRQHandler                         0x00001e1c   Section        0  drvi2c.o(i.I2C_IRQHandler)
    i.ListGet                                0x00001e94   Section        0  flash_memory.o(i.ListGet)
    i.ListInsert                             0x00001f04   Section        0  flash_memory.o(i.ListInsert)
    i.Malloc_Flash                           0x00001fc0   Section        0  flash_memory.o(i.Malloc_Flash)
    i.Mem_Flash_Get                          0x00001fe2   Section        0  flash_memory.o(i.Mem_Flash_Get)
    i.NVIC_DisableIRQ                        0x00001ffc   Section        0  drvgpio.o(i.NVIC_DisableIRQ)
    NVIC_DisableIRQ                          0x00001ffd   Thumb Code    14  drvgpio.o(i.NVIC_DisableIRQ)
    i.NVIC_DisableIRQ                        0x00002010   Section        0  drvtimer.o(i.NVIC_DisableIRQ)
    NVIC_DisableIRQ                          0x00002011   Thumb Code    14  drvtimer.o(i.NVIC_DisableIRQ)
    i.NVIC_EnableIRQ                         0x00002024   Section        0  drvgpio.o(i.NVIC_EnableIRQ)
    NVIC_EnableIRQ                           0x00002025   Thumb Code    14  drvgpio.o(i.NVIC_EnableIRQ)
    i.NVIC_EnableIRQ                         0x00002038   Section        0  drvtimer.o(i.NVIC_EnableIRQ)
    NVIC_EnableIRQ                           0x00002039   Thumb Code    14  drvtimer.o(i.NVIC_EnableIRQ)
    i.NVIC_SetPriority                       0x0000204c   Section        0  drvgpio.o(i.NVIC_SetPriority)
    NVIC_SetPriority                         0x0000204d   Thumb Code   110  drvgpio.o(i.NVIC_SetPriority)
    i.NVIC_SetPriority                       0x000020c4   Section        0  drvtimer.o(i.NVIC_SetPriority)
    NVIC_SetPriority                         0x000020c5   Thumb Code   110  drvtimer.o(i.NVIC_SetPriority)
    i.PWMA_IRQHandler                        0x0000213c   Section        0  drvpwm.o(i.PWMA_IRQHandler)
    i.PWMB_IRQHandler                        0x00002240   Section        0  drvpwm.o(i.PWMB_IRQHandler)
    i.PWRWU_IRQHandler                       0x00002344   Section        0  drvsys.o(i.PWRWU_IRQHandler)
    i.RE_RSSI                                0x0000236c   Section        0  si4432.o(i.RE_RSSI)
    i.Read_UID_M0                            0x0000237c   Section        0  fmc.o(i.Read_UID_M0)
    i.RecvCmdFromSI4432                      0x00002398   Section        0  si4432_proto.o(i.RecvCmdFromSI4432)
    i.Reset_Finsh                            0x00002418   Section        0  ir.o(i.Reset_Finsh)
    i.SI4432_init                            0x0000242c   Section        0  si4432.o(i.SI4432_init)
    i.SPI0_IRQHandler                        0x000025c4   Section        0  drvspi.o(i.SPI0_IRQHandler)
    i.SPI1_IRQHandler                        0x000025f0   Section        0  drvspi.o(i.SPI1_IRQHandler)
    i.SaveIrCode2Flash                       0x0000261c   Section        0  ir.o(i.SaveIrCode2Flash)
    i.Send_IrCodeFlash                       0x0000263c   Section        0  ir.o(i.Send_IrCodeFlash)
    i.Send_Ir_Code                           0x00002694   Section        0  ir.o(i.Send_Ir_Code)
    i.SystemCoreClockUpdate                  0x0000271c   Section        0  system_m051series.o(i.SystemCoreClockUpdate)
    i.SystemInit                             0x000027bc   Section        0  system_m051series.o(i.SystemInit)
    i.TMR0_IRQHandler                        0x000027c0   Section        0  drvtimer.o(i.TMR0_IRQHandler)
    i.TMR1_IRQHandler                        0x000027f0   Section        0  drvtimer.o(i.TMR1_IRQHandler)
    i.TMR2_IRQHandler                        0x00002814   Section        0  drvtimer.o(i.TMR2_IRQHandler)
    i.TMR3_IRQHandler                        0x000028a8   Section        0  drvtimer.o(i.TMR3_IRQHandler)
    i.Triget_Learn_state                     0x000028fc   Section        0  ir.o(i.Triget_Learn_state)
    i.UART0_IRQHandler                       0x00002924   Section        0  drvuart.o(i.UART0_IRQHandler)
    i.UART1_IRQHandler                       0x00002944   Section        0  drvuart.o(i.UART1_IRQHandler)
    i.WDT_IRQHandler                         0x00002964   Section        0  drvtimer.o(i.WDT_IRQHandler)
    i.__ARM_common_switch8                   0x00002998   Section        0  drvgpio.o(i.__ARM_common_switch8)
    i.__scatterload_copy                     0x000029b2   Section       14  handlers.o(i.__scatterload_copy)
    i.__scatterload_null                     0x000029c0   Section        2  handlers.o(i.__scatterload_null)
    i.__scatterload_zeroinit                 0x000029c2   Section       14  handlers.o(i.__scatterload_zeroinit)
    i.clr_interruput_si4432                  0x000029d0   Section        0  si4432.o(i.clr_interruput_si4432)
    i.initFMC                                0x000029e4   Section        0  fmc.o(i.initFMC)
    i.initGPIO                               0x000029f4   Section        0  gpio.o(i.initGPIO)
    i.initTMR0                               0x00002a70   Section        0  main.o(i.initTMR0)
    i.init_IR_INTTRUPUT                      0x00002aa4   Section        0  ir.o(i.init_IR_INTTRUPUT)
    i.init_PWM                               0x00002ab8   Section        0  ir.o(i.init_PWM)
    i.init_flash_pool                        0x00002afc   Section        0  flash_memory.o(i.init_flash_pool)
    i.initsi4432                             0x00002b7c   Section        0  si4432.o(i.initsi4432)
    i.initsys                                0x00002ba8   Section        0  main.o(i.initsys)
    i.main                                   0x00002bf4   Section        0  main.o(i.main)
    i.read_ISP_DATA_FLASH                    0x00002da8   Section        0  fmc.o(i.read_ISP_DATA_FLASH)
    i.rx_data                                0x00002dc0   Section        0  si4432.o(i.rx_data)
    i.save_rec_data                          0x00002e14   Section        0  si4432.o(i.save_rec_data)
    i.spi_byte                               0x00002e8e   Section        0  si4432.o(i.spi_byte)
    i.spi_rw                                 0x00002ee4   Section        0  si4432.o(i.spi_rw)
    i.su_fo                                  0x00002f94   Section        0  si4432.o(i.su_fo)
    i.tx_data                                0x00002fb8   Section        0  si4432.o(i.tx_data)
    i.write_ISP_DATA_FLASH                   0x000030c4   Section        0  fmc.o(i.write_ISP_DATA_FLASH)
    .constdata                               0x000030dc   Section       16  drvsys.o(.constdata)
    .constdata                               0x000030ec   Section       16  drvtimer.o(.constdata)
    .data                                    0x20000000   Section       12  main.o(.data)
    .data                                    0x2000000c   Section       12  drvadc.o(.data)
    g_ptADCCallBack                          0x2000000c   Data           4  drvadc.o(.data)
    g_ptADCMP0CallBack                       0x20000010   Data           4  drvadc.o(.data)
    g_ptADCMP1CallBack                       0x20000014   Data           4  drvadc.o(.data)
    .data                                    0x20000018   Section       16  drvgpio.o(.data)
    _pfP0P1Callback                          0x20000018   Data           4  drvgpio.o(.data)
    _pfP2P3P4Callback                        0x2000001c   Data           4  drvgpio.o(.data)
    _pfEINT0Callback                         0x20000020   Data           4  drvgpio.o(.data)
    _pfEINT1Callback                         0x20000024   Data           4  drvgpio.o(.data)
    .data                                    0x20000028   Section        8  drvsys.o(.data)
    BOD_callbackFn                           0x20000028   Data           4  drvsys.o(.data)
    PWRWU_callbackFn                         0x2000002c   Data           4  drvsys.o(.data)
    .data                                    0x20000030   Section      104  drvtimer.o(.data)
    uTimer0Tick                              0x20000060   Data           4  drvtimer.o(.data)
    uTimer1Tick                              0x20000064   Data           4  drvtimer.o(.data)
    uTimer2Tick                              0x20000068   Data           4  drvtimer.o(.data)
    uTimer3Tick                              0x2000006c   Data           4  drvtimer.o(.data)
    uTime0EventCount                         0x20000070   Data           4  drvtimer.o(.data)
    uTime1EventCount                         0x20000074   Data           4  drvtimer.o(.data)
    uTime2EventCount                         0x20000078   Data           4  drvtimer.o(.data)
    uTime3EventCount                         0x2000007c   Data           4  drvtimer.o(.data)
    _sys_uTimer0TickPerSecond                0x20000084   Data           4  drvtimer.o(.data)
    _sys_uTimer1TickPerSecond                0x20000088   Data           4  drvtimer.o(.data)
    _sys_uTimer2TickPerSecond                0x2000008c   Data           4  drvtimer.o(.data)
    _sys_uTimer3TickPerSecond                0x20000090   Data           4  drvtimer.o(.data)
    fnCallBack_WDT                           0x20000094   Data           4  drvtimer.o(.data)
    .data                                    0x20000098   Section        8  drvuart.o(.data)
    g_pfnUART0callback                       0x20000098   Data           4  drvuart.o(.data)
    g_pfnUART1callback                       0x2000009c   Data           4  drvuart.o(.data)
    .data                                    0x200000a0   Section       28  system_m051series.o(.data)
    .data                                    0x200000bc   Section       12  ir.o(.data)
    .data                                    0x200000c8   Section        8  flash_memory.o(.data)
    .data                                    0x200000d0   Section        1  si4432.o(.data)
    fx                                       0x200000d0   Data           1  si4432.o(.data)
    .bss                                     0x200000d4   Section      100  main.o(.bss)
    .bss                                     0x20000138   Section       12  drvadc.o(.bss)
    g_pu32UserData                           0x20000138   Data          12  drvadc.o(.bss)
    .bss                                     0x20000144   Section       16  drvi2c.o(.bss)
    I2CHandler                               0x20000144   Data          16  drvi2c.o(.bss)
    .bss                                     0x20000154   Section       64  drvpwm.o(.bss)
    g_sDrvPWMAHandler                        0x20000154   Data          32  drvpwm.o(.bss)
    g_sDrvPWMBHandler                        0x20000174   Data          32  drvpwm.o(.bss)
    .bss                                     0x20000194   Section       24  drvspi.o(.bss)
    g_sSpiHandler                            0x20000194   Data          24  drvspi.o(.bss)
    .bss                                     0x200001ac   Section       80  drvtimer.o(.bss)
    tTime0Event                              0x200001ac   Data          20  drvtimer.o(.bss)
    tTime1Event                              0x200001c0   Data          20  drvtimer.o(.bss)
    tTime2Event                              0x200001d4   Data          20  drvtimer.o(.bss)
    tTime3Event                              0x200001e8   Data          20  drvtimer.o(.bss)
    .bss                                     0x200001fc   Section     1024  ir.o(.bss)
    .bss                                     0x200005fc   Section      108  flash_memory.o(.bss)
    STACK                                    0x20000668   Section     1024  startup_m051series.o(STACK)

    Global Symbols

    Symbol Name                              Value     Ov Type        Size  Object(Section)

    BuildAttributes$$THM_ISAv3M$S$PE$A:L22$X:L11$S22$IEEE1$IW$USESV6$~STKCKD$USESV7$~SHL$OSPACE$EBA8$MICROLIB$REQ8$PRES8$EABIv2 0x00000000   Number         0  anon$$obj.o ABSOLUTE
    __ARM_use_no_argv                        0x00000000   Number         0  main.o ABSOLUTE
    __Vectors                                0x00000000   Data           4  startup_m051series.o(RESET)
    _printf_a                                0x00000000   Number         0  stubs.o ABSOLUTE
    _printf_c                                0x00000000   Number         0  stubs.o ABSOLUTE
    _printf_charcount                        0x00000000   Number         0  stubs.o ABSOLUTE
    _printf_d                                0x00000000   Number         0  stubs.o ABSOLUTE
    _printf_e                                0x00000000   Number         0  stubs.o ABSOLUTE
    _printf_f                                0x00000000   Number         0  stubs.o ABSOLUTE
    _printf_flags                            0x00000000   Number         0  stubs.o ABSOLUTE
    _printf_fp_dec                           0x00000000   Number         0  stubs.o ABSOLUTE
    _printf_fp_hex                           0x00000000   Number         0  stubs.o ABSOLUTE
    _printf_g                                0x00000000   Number         0  stubs.o ABSOLUTE
    _printf_i                                0x00000000   Number         0  stubs.o ABSOLUTE
    _printf_int_dec                          0x00000000   Number         0  stubs.o ABSOLUTE
    _printf_l                                0x00000000   Number         0  stubs.o ABSOLUTE
    _printf_lc                               0x00000000   Number         0  stubs.o ABSOLUTE
    _printf_ll                               0x00000000   Number         0  stubs.o ABSOLUTE
    _printf_lld                              0x00000000   Number         0  stubs.o ABSOLUTE
    _printf_lli                              0x00000000   Number         0  stubs.o ABSOLUTE
    _printf_llo                              0x00000000   Number         0  stubs.o ABSOLUTE
    _printf_llu                              0x00000000   Number         0  stubs.o ABSOLUTE
    _printf_llx                              0x00000000   Number         0  stubs.o ABSOLUTE
    _printf_longlong_dec                     0x00000000   Number         0  stubs.o ABSOLUTE
    _printf_longlong_hex                     0x00000000   Number         0  stubs.o ABSOLUTE
    _printf_longlong_oct                     0x00000000   Number         0  stubs.o ABSOLUTE
    _printf_ls                               0x00000000   Number         0  stubs.o ABSOLUTE
    _printf_mbtowc                           0x00000000   Number         0  stubs.o ABSOLUTE
    _printf_n                                0x00000000   Number         0  stubs.o ABSOLUTE
    _printf_o                                0x00000000   Number         0  stubs.o ABSOLUTE
    _printf_p                                0x00000000   Number         0  stubs.o ABSOLUTE
    _printf_percent                          0x00000000   Number         0  stubs.o ABSOLUTE
    _printf_pre_padding                      0x00000000   Number         0  stubs.o ABSOLUTE
    _printf_return_value                     0x00000000   Number         0  stubs.o ABSOLUTE
    _printf_s                                0x00000000   Number         0  stubs.o ABSOLUTE
    _printf_sizespec                         0x00000000   Number         0  stubs.o ABSOLUTE
    _printf_str                              0x00000000   Number         0  stubs.o ABSOLUTE
    _printf_truncate_signed                  0x00000000   Number         0  stubs.o ABSOLUTE
    _printf_truncate_unsigned                0x00000000   Number         0  stubs.o ABSOLUTE
    _printf_u                                0x00000000   Number         0  stubs.o ABSOLUTE
    _printf_wc                               0x00000000   Number         0  stubs.o ABSOLUTE
    _printf_wctomb                           0x00000000   Number         0  stubs.o ABSOLUTE
    _printf_widthprec                        0x00000000   Number         0  stubs.o ABSOLUTE
    _printf_x                                0x00000000   Number         0  stubs.o ABSOLUTE
    __decompress                              - Undefined Weak Reference
    __main                                   0x000000c1   Thumb Code     0  entry.o(.ARM.Collect$$$$00000000)
    _main_stk                                0x000000c1   Thumb Code     0  entry2.o(.ARM.Collect$$$$00000001)
    _main_scatterload                        0x000000c5   Thumb Code     0  entry5.o(.ARM.Collect$$$$00000004)
    __main_after_scatterload                 0x000000c9   Thumb Code     0  entry5.o(.ARM.Collect$$$$00000004)
    _main_init                               0x000000c9   Thumb Code     0  entry7.o(.ARM.Collect$$$$00000007)
    Reset_Handler                            0x000000d5   Thumb Code    38  startup_m051series.o(.text)
    NMI_Handler                              0x000000fb   Thumb Code     2  startup_m051series.o(.text)
    HardFault_Handler                        0x000000fd   Thumb Code     2  startup_m051series.o(.text)
    SVC_Handler                              0x000000ff   Thumb Code     2  startup_m051series.o(.text)
    PendSV_Handler                           0x00000101   Thumb Code     2  startup_m051series.o(.text)
    SysTick_Handler                          0x00000103   Thumb Code     2  startup_m051series.o(.text)
    SPI2_IRQHandler                          0x00000105   Thumb Code     0  startup_m051series.o(.text)
    SPI3_IRQHandler                          0x00000105   Thumb Code     0  startup_m051series.o(.text)
    __aeabi_uidiv                            0x00000131   Thumb Code     0  uidiv.o(.text)
    __aeabi_uidivmod                         0x00000131   Thumb Code    44  uidiv.o(.text)
    __aeabi_idiv                             0x0000015d   Thumb Code     0  idiv.o(.text)
    __aeabi_idivmod                          0x0000015d   Thumb Code    40  idiv.o(.text)
    __aeabi_memcpy                           0x00000185   Thumb Code    36  memcpya.o(.text)
    __aeabi_memcpy4                          0x00000185   Thumb Code     0  memcpya.o(.text)
    __aeabi_memcpy8                          0x00000185   Thumb Code     0  memcpya.o(.text)
    __scatterload                            0x000001a9   Thumb Code    28  init.o(.text)
    __scatterload_rt2                        0x000001a9   Thumb Code     0  init.o(.text)
    ADC_IRQHandler                           0x000001cd   Thumb Code   144  drvadc.o(i.ADC_IRQHandler)
    BOD_IRQHandler                           0x00000269   Thumb Code    36  drvsys.o(i.BOD_IRQHandler)
    Check_Learn_Finsh                        0x000002d9   Thumb Code    44  ir.o(i.Check_Learn_Finsh)
    Check_si4432                             0x00000315   Thumb Code    34  si4432.o(i.Check_si4432)
    DrvFMC_EnableISP                         0x00000339   Thumb Code    30  drvfmc.o(i.DrvFMC_EnableISP)
    DrvFMC_Erase                             0x00000361   Thumb Code   106  drvfmc.o(i.DrvFMC_Erase)
    DrvFMC_Read                              0x000003d5   Thumb Code   114  drvfmc.o(i.DrvFMC_Read)
    DrvFMC_ReadUID                           0x00000451   Thumb Code   108  drvfmc.o(i.DrvFMC_ReadUID)
    DrvFMC_Write                             0x000004c5   Thumb Code   108  drvfmc.o(i.DrvFMC_Write)
    DrvGPIO_ClrBit                           0x00000539   Thumb Code    18  drvgpio.o(i.DrvGPIO_ClrBit)
    DrvGPIO_DisableEINT                      0x00000551   Thumb Code    48  drvgpio.o(i.DrvGPIO_DisableEINT)
    DrvGPIO_EnableEINT                       0x00000585   Thumb Code   154  drvgpio.o(i.DrvGPIO_EnableEINT)
    DrvGPIO_GetBit                           0x00000629   Thumb Code    14  drvgpio.o(i.DrvGPIO_GetBit)
    DrvGPIO_InitFunction                     0x0000063d   Thumb Code   634  drvgpio.o(i.DrvGPIO_InitFunction)
    DrvGPIO_Open                             0x000008c1   Thumb Code    86  drvgpio.o(i.DrvGPIO_Open)
    DrvGPIO_SetBit                           0x0000091d   Thumb Code    20  drvgpio.o(i.DrvGPIO_SetBit)
    DrvPWM_Enable                            0x00000935   Thumb Code   328  drvpwm.o(i.DrvPWM_Enable)
    DrvPWM_Open                              0x00000a89   Thumb Code    50  drvpwm.o(i.DrvPWM_Open)
    DrvPWM_SelectClockSource                 0x00000ac1   Thumb Code   124  drvpwm.o(i.DrvPWM_SelectClockSource)
    DrvPWM_SetTimerClk                       0x00000b41   Thumb Code  1682  drvpwm.o(i.DrvPWM_SetTimerClk)
    DrvPWM_SetTimerIO                        0x000011dd   Thumb Code   190  drvpwm.o(i.DrvPWM_SetTimerIO)
    DrvSYS_Delay                             0x000012a5   Thumb Code    34  drvsys.o(i.DrvSYS_Delay)
    DrvSYS_GetExtClockFreq                   0x000012d1   Thumb Code     4  drvsys.o(i.DrvSYS_GetExtClockFreq)
    DrvSYS_GetHCLKFreq                       0x000012d9   Thumb Code    76  drvsys.o(i.DrvSYS_GetHCLKFreq)
    DrvSYS_GetPLLClockFreq                   0x00001335   Thumb Code   104  drvsys.o(i.DrvSYS_GetPLLClockFreq)
    DrvSYS_LockProtectedReg                  0x000013ad   Thumb Code    26  drvsys.o(i.DrvSYS_LockProtectedReg)
    DrvSYS_SelectHCLKSource                  0x000013d1   Thumb Code    80  drvsys.o(i.DrvSYS_SelectHCLKSource)
    DrvSYS_SelectIPClockSource               0x00001429   Thumb Code   320  drvsys.o(i.DrvSYS_SelectIPClockSource)
    DrvSYS_SelectSysTickSource               0x00001571   Thumb Code    38  drvsys.o(i.DrvSYS_SelectSysTickSource)
    DrvSYS_SetClockDivider                   0x000015a1   Thumb Code    96  drvsys.o(i.DrvSYS_SetClockDivider)
    DrvSYS_SetIPClock                        0x00001609   Thumb Code    88  drvsys.o(i.DrvSYS_SetIPClock)
    DrvSYS_SetOscCtrl                        0x00001665   Thumb Code    92  drvsys.o(i.DrvSYS_SetOscCtrl)
    DrvSYS_UnlockProtectedReg                0x000016c9   Thumb Code    34  drvsys.o(i.DrvSYS_UnlockProtectedReg)
    DrvTIMER_Close                           0x000016f5   Thumb Code   168  drvtimer.o(i.DrvTIMER_Close)
    DrvTIMER_Delay                           0x000017c9   Thumb Code    36  drvtimer.o(i.DrvTIMER_Delay)
    DrvTIMER_DisableInt                      0x000017ed   Thumb Code    64  drvtimer.o(i.DrvTIMER_DisableInt)
    DrvTIMER_EnableInt                       0x00001839   Thumb Code    78  drvtimer.o(i.DrvTIMER_EnableInt)
    DrvTIMER_GetIntTicks                     0x00001895   Thumb Code    54  drvtimer.o(i.DrvTIMER_GetIntTicks)
    DrvTIMER_Init                            0x000018d5   Thumb Code    20  drvtimer.o(i.DrvTIMER_Init)
    DrvTIMER_Open                            0x000018f9   Thumb Code   690  drvtimer.o(i.DrvTIMER_Open)
    DrvTIMER_Start                           0x00001be5   Thumb Code    54  drvtimer.o(i.DrvTIMER_Start)
    EINT0_IRQHandler                         0x00001c29   Thumb Code    24  drvgpio.o(i.EINT0_IRQHandler)
    EINT0callback                            0x00001c49   Thumb Code    82  ir.o(i.EINT0callback)
    EINT1_IRQHandler                         0x00001cb5   Thumb Code    24  drvgpio.o(i.EINT1_IRQHandler)
    Erase_ISP_DATA_FLASH                     0x00001cd5   Thumb Code    20  fmc.o(i.Erase_ISP_DATA_FLASH)
    FindEmptyBlock                           0x00001ce9   Thumb Code    54  flash_memory.o(i.FindEmptyBlock)
    FindSpecifiedBlock                       0x00001d29   Thumb Code    20  flash_memory.o(i.FindSpecifiedBlock)
    GPIOP0P1_IRQHandler                      0x00001d41   Thumb Code    42  drvgpio.o(i.GPIOP0P1_IRQHandler)
    GPIOP2P3P4_IRQHandler                    0x00001d75   Thumb Code    64  drvgpio.o(i.GPIOP2P3P4_IRQHandler)
    I2C_IRQHandler                           0x00001e1d   Thumb Code   112  drvi2c.o(i.I2C_IRQHandler)
    ListGet                                  0x00001e95   Thumb Code   106  flash_memory.o(i.ListGet)
    ListInsert                               0x00001f05   Thumb Code   182  flash_memory.o(i.ListInsert)
    Malloc_Flash                             0x00001fc1   Thumb Code    34  flash_memory.o(i.Malloc_Flash)
    Mem_Flash_Get                            0x00001fe3   Thumb Code    24  flash_memory.o(i.Mem_Flash_Get)
    PWMA_IRQHandler                          0x0000213d   Thumb Code   244  drvpwm.o(i.PWMA_IRQHandler)
    PWMB_IRQHandler                          0x00002241   Thumb Code   244  drvpwm.o(i.PWMB_IRQHandler)
    PWRWU_IRQHandler                         0x00002345   Thumb Code    32  drvsys.o(i.PWRWU_IRQHandler)
    RE_RSSI                                  0x0000236d   Thumb Code    16  si4432.o(i.RE_RSSI)
    Read_UID_M0                              0x0000237d   Thumb Code    26  fmc.o(i.Read_UID_M0)
    RecvCmdFromSI4432                        0x00002399   Thumb Code   116  si4432_proto.o(i.RecvCmdFromSI4432)
    Reset_Finsh                              0x00002419   Thumb Code    12  ir.o(i.Reset_Finsh)
    SI4432_init                              0x0000242d   Thumb Code   408  si4432.o(i.SI4432_init)
    SPI0_IRQHandler                          0x000025c5   Thumb Code    36  drvspi.o(i.SPI0_IRQHandler)
    SPI1_IRQHandler                          0x000025f1   Thumb Code    36  drvspi.o(i.SPI1_IRQHandler)
    SaveIrCode2Flash                         0x0000261d   Thumb Code    30  ir.o(i.SaveIrCode2Flash)
    Send_IrCodeFlash                         0x0000263d   Thumb Code    78  ir.o(i.Send_IrCodeFlash)
    Send_Ir_Code                             0x00002695   Thumb Code   128  ir.o(i.Send_Ir_Code)
    SystemCoreClockUpdate                    0x0000271d   Thumb Code   130  system_m051series.o(i.SystemCoreClockUpdate)
    SystemInit                               0x000027bd   Thumb Code     2  system_m051series.o(i.SystemInit)
    TMR0_IRQHandler                          0x000027c1   Thumb Code    36  drvtimer.o(i.TMR0_IRQHandler)
    TMR1_IRQHandler                          0x000027f1   Thumb Code    26  drvtimer.o(i.TMR1_IRQHandler)
    TMR2_IRQHandler                          0x00002815   Thumb Code   132  drvtimer.o(i.TMR2_IRQHandler)
    TMR3_IRQHandler                          0x000028a9   Thumb Code    70  drvtimer.o(i.TMR3_IRQHandler)
    Triget_Learn_state                       0x000028fd   Thumb Code    34  ir.o(i.Triget_Learn_state)
    UART0_IRQHandler                         0x00002925   Thumb Code    24  drvuart.o(i.UART0_IRQHandler)
    UART1_IRQHandler                         0x00002945   Thumb Code    24  drvuart.o(i.UART1_IRQHandler)
    WDT_IRQHandler                           0x00002965   Thumb Code    42  drvtimer.o(i.WDT_IRQHandler)
    __ARM_common_switch8                     0x00002999   Thumb Code    26  drvgpio.o(i.__ARM_common_switch8)
    __scatterload_copy                       0x000029b3   Thumb Code    14  handlers.o(i.__scatterload_copy)
    __scatterload_null                       0x000029c1   Thumb Code     2  handlers.o(i.__scatterload_null)
    __scatterload_zeroinit                   0x000029c3   Thumb Code    14  handlers.o(i.__scatterload_zeroinit)
    clr_interruput_si4432                    0x000029d1   Thumb Code    20  si4432.o(i.clr_interruput_si4432)
    initFMC                                  0x000029e5   Thumb Code    16  fmc.o(i.initFMC)
    initGPIO                                 0x000029f5   Thumb Code   124  gpio.o(i.initGPIO)
    initTMR0                                 0x00002a71   Thumb Code    46  main.o(i.initTMR0)
    init_IR_INTTRUPUT                        0x00002aa5   Thumb Code    16  ir.o(i.init_IR_INTTRUPUT)
    init_PWM                                 0x00002ab9   Thumb Code    64  ir.o(i.init_PWM)
    init_flash_pool                          0x00002afd   Thumb Code   114  flash_memory.o(i.init_flash_pool)
    initsi4432                               0x00002b7d   Thumb Code    36  si4432.o(i.initsi4432)
    initsys                                  0x00002ba9   Thumb Code    70  main.o(i.initsys)
    main                                     0x00002bf5   Thumb Code   402  main.o(i.main)
    read_ISP_DATA_FLASH                      0x00002da9   Thumb Code    24  fmc.o(i.read_ISP_DATA_FLASH)
    rx_data                                  0x00002dc1   Thumb Code    84  si4432.o(i.rx_data)
    save_rec_data                            0x00002e15   Thumb Code   122  si4432.o(i.save_rec_data)
    spi_byte                                 0x00002e8f   Thumb Code    86  si4432.o(i.spi_byte)
    spi_rw                                   0x00002ee5   Thumb Code   176  si4432.o(i.spi_rw)
    su_fo                                    0x00002f95   Thumb Code    32  si4432.o(i.su_fo)
    tx_data                                  0x00002fb9   Thumb Code   262  si4432.o(i.tx_data)
    write_ISP_DATA_FLASH                     0x000030c5   Thumb Code    24  fmc.o(i.write_ISP_DATA_FLASH)
    CH_OFFSET                                0x000030ec   Data          16  drvtimer.o(.constdata)
    Region$$Table$$Base                      0x000030fc   Number         0  anon$$obj.o(Region$$Table)
    Region$$Table$$Limit                     0x0000311c   Number         0  anon$$obj.o(Region$$Table)
    TX_buf                                   0x20000000   Data           5  main.o(.data)
    UID                                      0x20000008   Data           4  main.o(.data)
    bIsTimer0Initial                         0x20000030   Data           4  drvtimer.o(.data)
    bIsTimer1Initial                         0x20000034   Data           4  drvtimer.o(.data)
    bIsTimer2Initial                         0x20000038   Data           4  drvtimer.o(.data)
    bIsTimer3Initial                         0x2000003c   Data           4  drvtimer.o(.data)
    bIsTimer0Used                            0x20000040   Data           4  drvtimer.o(.data)
    bIsTimer1Used                            0x20000044   Data           4  drvtimer.o(.data)
    bIsTimer2Used                            0x20000048   Data           4  drvtimer.o(.data)
    bIsTimer3Used                            0x2000004c   Data           4  drvtimer.o(.data)
    bIsSetTime0Event                         0x20000050   Data           4  drvtimer.o(.data)
    bIsSetTime1Event                         0x20000054   Data           4  drvtimer.o(.data)
    bIsSetTime2Event                         0x20000058   Data           4  drvtimer.o(.data)
    bIsSetTime3Event                         0x2000005c   Data           4  drvtimer.o(.data)
    u32EXTClockFreq                          0x20000080   Data           4  drvtimer.o(.data)
    SystemCoreClock                          0x200000a0   Data           4  system_m051series.o(.data)
    CyclesPerUs                              0x200000a4   Data           4  system_m051series.o(.data)
    gau32ClkSrcTbl                           0x200000a8   Data          20  system_m051series.o(.data)
    StateLearn                               0x200000bc   Data           1  ir.o(.data)
    StartLeve                                0x200000bd   Data           1  ir.o(.data)
    DataLenth                                0x200000be   Data           2  ir.o(.data)
    Learn_Finsh                              0x200000c0   Data           2  ir.o(.data)
    ir_number                                0x200000c4   Data           4  ir.o(.data)
    node                                     0x200000c8   Data           4  flash_memory.o(.data)
    flash                                    0x200000cc   Data           4  flash_memory.o(.data)
    RX_BUF                                   0x200000d4   Data         100  main.o(.bss)
    ir_raw                                   0x200001fc   Data        1024  ir.o(.bss)
    Nbuf                                     0x200005fc   Data          96  flash_memory.o(.bss)
    flash_onchip                             0x2000065c   Data          12  flash_memory.o(.bss)
    __initial_sp                             0x20000a68   Data           0  startup_m051series.o(STACK)



==============================================================================

Memory Map of the image

  Image Entry point : 0x000000d5

  Load Region LR_1 (Base: 0x00000000, Size: 0x000031f0, Max: 0xffffffff, ABSOLUTE)

    Execution Region ER_RO (Base: 0x00000000, Size: 0x0000311c, Max: 0xffffffff, ABSOLUTE)

    Base Addr    Size         Type   Attr      Idx    E Section Name        Object

    0x00000000   0x000000c0   Data   RO         1928    RESET               startup_m051series.o
    0x000000c0   0x00000000   Code   RO         2297  * .ARM.Collect$$$$00000000  entry.o(mc_p.l)
    0x000000c0   0x00000004   Code   RO         2309    .ARM.Collect$$$$00000001  entry2.o(mc_p.l)
    0x000000c4   0x00000004   Code   RO         2312    .ARM.Collect$$$$00000004  entry5.o(mc_p.l)
    0x000000c8   0x00000008   Code   RO         2313    .ARM.Collect$$$$00000007  entry7.o(mc_p.l)
    0x000000d0   0x00000004   Code   RO         2310    .ARM.Collect$$$$00002712  entry2.o(mc_p.l)
    0x000000d4   0x0000005c   Code   RO         1929  * .text               startup_m051series.o
    0x00000130   0x0000002c   Code   RO         2300    .text               uidiv.o(mc_p.l)
    0x0000015c   0x00000028   Code   RO         2302    .text               idiv.o(mc_p.l)
    0x00000184   0x00000024   Code   RO         2304    .text               memcpya.o(mc_p.l)
    0x000001a8   0x00000024   Code   RO         2314    .text               init.o(mc_p.l)
    0x000001cc   0x0000009c   Code   RO           78    i.ADC_IRQHandler    drvadc.o
    0x00000268   0x00000028   Code   RO         1225    i.BOD_IRQHandler    drvsys.o
    0x00000290   0x00000046   Code   RO         1501    i.CalTimerInitValue  drvtimer.o
    0x000002d6   0x00000002   PAD
    0x000002d8   0x0000003c   Code   RO         1948    i.Check_Learn_Finsh  ir.o
    0x00000314   0x00000022   Code   RO         2154    i.Check_si4432      si4432.o
    0x00000336   0x00000002   PAD
    0x00000338   0x00000028   Code   RO          309    i.DrvFMC_EnableISP  drvfmc.o
    0x00000360   0x00000074   Code   RO          313    i.DrvFMC_Erase      drvfmc.o
    0x000003d4   0x0000007c   Code   RO          316    i.DrvFMC_Read       drvfmc.o
    0x00000450   0x00000074   Code   RO          318    i.DrvFMC_ReadUID    drvfmc.o
    0x000004c4   0x00000074   Code   RO          319    i.DrvFMC_Write      drvfmc.o
    0x00000538   0x00000018   Code   RO          436    i.DrvGPIO_ClrBit    drvgpio.o
    0x00000550   0x00000034   Code   RO          441    i.DrvGPIO_DisableEINT  drvgpio.o
    0x00000584   0x000000a4   Code   RO          445    i.DrvGPIO_EnableEINT  drvgpio.o
    0x00000628   0x00000014   Code   RO          447    i.DrvGPIO_GetBit    drvgpio.o
    0x0000063c   0x00000284   Code   RO          456    i.DrvGPIO_InitFunction  drvgpio.o
    0x000008c0   0x0000005c   Code   RO          457    i.DrvGPIO_Open      drvgpio.o
    0x0000091c   0x00000018   Code   RO          458    i.DrvGPIO_SetBit    drvgpio.o
    0x00000934   0x00000154   Code   RO          804    i.DrvPWM_Enable     drvpwm.o
    0x00000a88   0x00000038   Code   RO          814    i.DrvPWM_Open       drvpwm.o
    0x00000ac0   0x00000080   Code   RO          815    i.DrvPWM_SelectClockSource  drvpwm.o
    0x00000b40   0x0000069c   Code   RO          816    i.DrvPWM_SetTimerClk  drvpwm.o
    0x000011dc   0x000000c8   Code   RO          818    i.DrvPWM_SetTimerIO  drvpwm.o
    0x000012a4   0x0000002c   Code   RO         1228    i.DrvSYS_Delay      drvsys.o
    0x000012d0   0x00000008   Code   RO         1239    i.DrvSYS_GetExtClockFreq  drvsys.o
    0x000012d8   0x0000005c   Code   RO         1240    i.DrvSYS_GetHCLKFreq  drvsys.o
    0x00001334   0x00000078   Code   RO         1241    i.DrvSYS_GetPLLClockFreq  drvsys.o
    0x000013ac   0x00000024   Code   RO         1246    i.DrvSYS_LockProtectedReg  drvsys.o
    0x000013d0   0x00000058   Code   RO         1253    i.DrvSYS_SelectHCLKSource  drvsys.o
    0x00001428   0x00000148   Code   RO         1254    i.DrvSYS_SelectIPClockSource  drvsys.o
    0x00001570   0x00000030   Code   RO         1256    i.DrvSYS_SelectSysTickSource  drvsys.o
    0x000015a0   0x00000068   Code   RO         1258    i.DrvSYS_SetClockDivider  drvsys.o
    0x00001608   0x0000005c   Code   RO         1260    i.DrvSYS_SetIPClock  drvsys.o
    0x00001664   0x00000064   Code   RO         1261    i.DrvSYS_SetOscCtrl  drvsys.o
    0x000016c8   0x0000002c   Code   RO         1265    i.DrvSYS_UnlockProtectedReg  drvsys.o
    0x000016f4   0x000000d4   Code   RO         1504    i.DrvTIMER_Close    drvtimer.o
    0x000017c8   0x00000024   Code   RO         1505    i.DrvTIMER_Delay    drvtimer.o
    0x000017ec   0x0000004c   Code   RO         1506    i.DrvTIMER_DisableInt  drvtimer.o
    0x00001838   0x0000005c   Code   RO         1507    i.DrvTIMER_EnableInt  drvtimer.o
    0x00001894   0x00000040   Code   RO         1509    i.DrvTIMER_GetIntTicks  drvtimer.o
    0x000018d4   0x00000024   Code   RO         1511    i.DrvTIMER_Init     drvtimer.o
    0x000018f8   0x000002ec   Code   RO         1512    i.DrvTIMER_Open     drvtimer.o
    0x00001be4   0x00000044   Code   RO         1515    i.DrvTIMER_Start    drvtimer.o
    0x00001c28   0x00000020   Code   RO          464    i.EINT0_IRQHandler  drvgpio.o
    0x00001c48   0x0000006c   Code   RO         1949    i.EINT0callback     ir.o
    0x00001cb4   0x00000020   Code   RO          465    i.EINT1_IRQHandler  drvgpio.o
    0x00001cd4   0x00000014   Code   RO         2106    i.Erase_ISP_DATA_FLASH  fmc.o
    0x00001ce8   0x00000040   Code   RO         2034    i.FindEmptyBlock    flash_memory.o
    0x00001d28   0x00000018   Code   RO         2035    i.FindSpecifiedBlock  flash_memory.o
    0x00001d40   0x00000034   Code   RO          466    i.GPIOP0P1_IRQHandler  drvgpio.o
    0x00001d74   0x00000048   Code   RO          467    i.GPIOP2P3P4_IRQHandler  drvgpio.o
    0x00001dbc   0x00000060   Code   RO         1520    i.GetTimerClock     drvtimer.o
    0x00001e1c   0x00000078   Code   RO          680    i.I2C_IRQHandler    drvi2c.o
    0x00001e94   0x00000070   Code   RO         2038    i.ListGet           flash_memory.o
    0x00001f04   0x000000bc   Code   RO         2039    i.ListInsert        flash_memory.o
    0x00001fc0   0x00000022   Code   RO         2040    i.Malloc_Flash      flash_memory.o
    0x00001fe2   0x00000018   Code   RO         2041    i.Mem_Flash_Get     flash_memory.o
    0x00001ffa   0x00000002   PAD
    0x00001ffc   0x00000014   Code   RO          468    i.NVIC_DisableIRQ   drvgpio.o
    0x00002010   0x00000014   Code   RO         1521    i.NVIC_DisableIRQ   drvtimer.o
    0x00002024   0x00000014   Code   RO          469    i.NVIC_EnableIRQ    drvgpio.o
    0x00002038   0x00000014   Code   RO         1522    i.NVIC_EnableIRQ    drvtimer.o
    0x0000204c   0x00000078   Code   RO          470    i.NVIC_SetPriority  drvgpio.o
    0x000020c4   0x00000078   Code   RO         1523    i.NVIC_SetPriority  drvtimer.o
    0x0000213c   0x00000104   Code   RO          822    i.PWMA_IRQHandler   drvpwm.o
    0x00002240   0x00000104   Code   RO          823    i.PWMB_IRQHandler   drvpwm.o
    0x00002344   0x00000028   Code   RO         1269    i.PWRWU_IRQHandler  drvsys.o
    0x0000236c   0x00000010   Code   RO         2155    i.RE_RSSI           si4432.o
    0x0000237c   0x0000001a   Code   RO         2108    i.Read_UID_M0       fmc.o
    0x00002396   0x00000002   PAD
    0x00002398   0x00000080   Code   RO         2274    i.RecvCmdFromSI4432  si4432_proto.o
    0x00002418   0x00000014   Code   RO         1951    i.Reset_Finsh       ir.o
    0x0000242c   0x00000198   Code   RO         2156    i.SI4432_init       si4432.o
    0x000025c4   0x0000002c   Code   RO         1029    i.SPI0_IRQHandler   drvspi.o
    0x000025f0   0x0000002c   Code   RO         1030    i.SPI1_IRQHandler   drvspi.o
    0x0000261c   0x0000001e   Code   RO         1952    i.SaveIrCode2Flash  ir.o
    0x0000263a   0x00000002   PAD
    0x0000263c   0x00000058   Code   RO         1953    i.Send_IrCodeFlash  ir.o
    0x00002694   0x00000088   Code   RO         1954    i.Send_Ir_Code      ir.o
    0x0000271c   0x000000a0   Code   RO         1902    i.SystemCoreClockUpdate  system_m051series.o
    0x000027bc   0x00000002   Code   RO         1903    i.SystemInit        system_m051series.o
    0x000027be   0x00000002   PAD
    0x000027c0   0x00000030   Code   RO         1524    i.TMR0_IRQHandler   drvtimer.o
    0x000027f0   0x00000024   Code   RO         1525    i.TMR1_IRQHandler   drvtimer.o
    0x00002814   0x00000094   Code   RO         1526    i.TMR2_IRQHandler   drvtimer.o
    0x000028a8   0x00000054   Code   RO         1527    i.TMR3_IRQHandler   drvtimer.o
    0x000028fc   0x00000028   Code   RO         1955    i.Triget_Learn_state  ir.o
    0x00002924   0x00000020   Code   RO         1701    i.UART0_IRQHandler  drvuart.o
    0x00002944   0x00000020   Code   RO         1702    i.UART1_IRQHandler  drvuart.o
    0x00002964   0x00000034   Code   RO         1528    i.WDT_IRQHandler    drvtimer.o
    0x00002998   0x0000001a   Code   RO          653    i.__ARM_common_switch8  drvgpio.o
    0x000029b2   0x0000000e   Code   RO         2318    i.__scatterload_copy  handlers.o(mc_p.l)
    0x000029c0   0x00000002   Code   RO         2319    i.__scatterload_null  handlers.o(mc_p.l)
    0x000029c2   0x0000000e   Code   RO         2320    i.__scatterload_zeroinit  handlers.o(mc_p.l)
    0x000029d0   0x00000014   Code   RO         2160    i.clr_interruput_si4432  si4432.o
    0x000029e4   0x00000010   Code   RO         2110    i.initFMC           fmc.o
    0x000029f4   0x0000007c   Code   RO         1933    i.initGPIO          gpio.o
    0x00002a70   0x00000034   Code   RO            1    i.initTMR0          main.o
    0x00002aa4   0x00000014   Code   RO         1956    i.init_IR_INTTRUPUT  ir.o
    0x00002ab8   0x00000044   Code   RO         1957    i.init_PWM          ir.o
    0x00002afc   0x00000080   Code   RO         2042    i.init_flash_pool   flash_memory.o
    0x00002b7c   0x0000002c   Code   RO         2161    i.initsi4432        si4432.o
    0x00002ba8   0x0000004c   Code   RO            2    i.initsys           main.o
    0x00002bf4   0x000001b4   Code   RO            3    i.main              main.o
    0x00002da8   0x00000018   Code   RO         2111    i.read_ISP_DATA_FLASH  fmc.o
    0x00002dc0   0x00000054   Code   RO         2164    i.rx_data           si4432.o
    0x00002e14   0x0000007a   Code   RO         2165    i.save_rec_data     si4432.o
    0x00002e8e   0x00000056   Code   RO         2166    i.spi_byte          si4432.o
    0x00002ee4   0x000000b0   Code   RO         2167    i.spi_rw            si4432.o
    0x00002f94   0x00000024   Code   RO         2168    i.su_fo             si4432.o
    0x00002fb8   0x0000010c   Code   RO         2169    i.tx_data           si4432.o
    0x000030c4   0x00000018   Code   RO         2112    i.write_ISP_DATA_FLASH  fmc.o
    0x000030dc   0x00000010   Data   RO         1270    .constdata          drvsys.o
    0x000030ec   0x00000010   Data   RO         1530    .constdata          drvtimer.o
    0x000030fc   0x00000020   Data   RO         2316    Region$$Table       anon$$obj.o


    Execution Region ER_RW (Base: 0x20000000, Size: 0x000000d4, Max: 0xffffffff, ABSOLUTE)

    Base Addr    Size         Type   Attr      Idx    E Section Name        Object

    0x20000000   0x0000000c   Data   RW            5    .data               main.o
    0x2000000c   0x0000000c   Data   RW          113    .data               drvadc.o
    0x20000018   0x00000010   Data   RW          471    .data               drvgpio.o
    0x20000028   0x00000008   Data   RW         1271    .data               drvsys.o
    0x20000030   0x00000068   Data   RW         1531    .data               drvtimer.o
    0x20000098   0x00000008   Data   RW         1703    .data               drvuart.o
    0x200000a0   0x0000001c   Data   RW         1904    .data               system_m051series.o
    0x200000bc   0x0000000c   Data   RW         1961    .data               ir.o
    0x200000c8   0x00000008   Data   RW         2044    .data               flash_memory.o
    0x200000d0   0x00000001   Data   RW         2170    .data               si4432.o


    Execution Region ER_ZI (Base: 0x200000d4, Size: 0x00000994, Max: 0xffffffff, ABSOLUTE)

    Base Addr    Size         Type   Attr      Idx    E Section Name        Object

    0x200000d4   0x00000064   Zero   RW            4    .bss                main.o
    0x20000138   0x0000000c   Zero   RW          112    .bss                drvadc.o
    0x20000144   0x00000010   Zero   RW          682    .bss                drvi2c.o
    0x20000154   0x00000040   Zero   RW          824    .bss                drvpwm.o
    0x20000194   0x00000018   Zero   RW         1031    .bss                drvspi.o
    0x200001ac   0x00000050   Zero   RW         1529    .bss                drvtimer.o
    0x200001fc   0x00000400   Zero   RW         1960    .bss                ir.o
    0x200005fc   0x0000006c   Zero   RW         2043    .bss                flash_memory.o
    0x20000668   0x00000400   Zero   RW         1926    STACK               startup_m051series.o


==============================================================================

Image component sizes


      Code (inc. data)   RO Data    RW Data    ZI Data      Debug   Object Name

         0          0          0          0          0         20   core_cm0.o
       156         12          0         12         12      66949   drvadc.o
       512         46          0          0          0      67244   drvfmc.o
      1394        134          0         16          0      15768   drvgpio.o
       120          8          0          0         16       1393   drvi2c.o
      2936        226          0          0         64       6122   drvpwm.o
        88         16          0          0         24       2972   drvspi.o
      1184        138         16          8          0       7393   drvsys.o
      2026        266         16        104         80      83507   drvtimer.o
        64         16          0          8          0      68901   drvuart.o
       574         40          0          8        108       4901   flash_memory.o
       110          0          0          0          0       2376   fmc.o
       124          0          0          0          0        447   gpio.o
       570         82          0         12       1024       5205   ir.o
       564         46          0         12        100      15776   main.o
      1294         18          0          1          0       6456   si4432.o
       128         12          0          0          0       1404   si4432_proto.o
        92         42        192          0       1024        532   startup_m051series.o
       162         30          0         28          0       1878   system_m051series.o

    ----------------------------------------------------------------------
     12110       1132        256        212       2452     359244   Object Totals
         0          0         32          0          0          0   (incl. Generated)
        12          0          0          3          0          0   (incl. Padding)

    ----------------------------------------------------------------------

      Code (inc. data)   RO Data    RW Data    ZI Data      Debug   Library Member Name

         0          0          0          0          0          0   entry.o
         8          4          0          0          0          0   entry2.o
         4          0          0          0          0          0   entry5.o
         8          4          0          0          0          0   entry7.o
        30          0          0          0          0          0   handlers.o
        40          0          0          0          0         72   idiv.o
        36          8          0          0          0         68   init.o
        36          0          0          0          0         60   memcpya.o
        44          0          0          0          0         68   uidiv.o

    ----------------------------------------------------------------------
       206         16          0          0          0        268   Library Totals
         0          0          0          0          0          0   (incl. Padding)

    ----------------------------------------------------------------------

      Code (inc. data)   RO Data    RW Data    ZI Data      Debug   Library Name

       206         16          0          0          0        268   mc_p.l

    ----------------------------------------------------------------------
       206         16          0          0          0        268   Library Totals

    ----------------------------------------------------------------------

==============================================================================


      Code (inc. data)   RO Data    RW Data    ZI Data      Debug   

     12316       1148        256        212       2452     355220   Grand Totals
     12316       1148        256        212       2452     355220   ELF Image Totals
     12316       1148        256        212          0          0   ROM Totals

==============================================================================

    Total RO  Size (Code + RO Data)                12572 (  12.28kB)
    Total RW  Size (RW Data + ZI Data)              2664 (   2.60kB)
    Total ROM Size (Code + RO Data + RW Data)      12784 (  12.48kB)

==============================================================================

